******************************************************************************
                  TI ARM Linker PC v20.2.1                     
******************************************************************************
>> Linked Sat Jan 23 23:27:34 2021

OUTPUT FILE NAME:   <tcp_client_v4.out>
ENTRY POINT SYMBOL: "_c_int00"  address: 00012225


MEMORY CONFIGURATION

         name            origin    length      used     unused   attr    fill
----------------------  --------  ---------  --------  --------  ----  --------
  FLASH                 00000000   00100000  0001a181  000e5e7f  R  X
  SRAM                  20000000   00040000  0001bc74  0002438c  RW X


SEGMENT ALLOCATION MAP

run origin  load origin   length   init length attrs members
----------  ----------- ---------- ----------- ----- -------
00000000    00000000    0001a190   0001a190    r-x
  00000000    00000000    0000003c   0000003c    r-- .resetVecs
  00000040    00000040    0001719a   0001719a    r-x .text
  000171e0    000171e0    00002a63   00002a63    r-- .const
  00019c48    00019c48    00000548   00000548    r-- .cinit
20000000    20000000    00000360   00000000    rw-
  20000000    20000000    00000360   00000000    rw- .vecs
20000380    20000380    0001b918   00000000    rw-
  20000380    20000380    0001a608   00000000    rw- .bss
  2001a988    2001a988    00000b0c   00000000    rw- .data
  2001b498    2001b498    00000800   00000000    rw- .stack


SECTION ALLOCATION MAP

 output                                  attributes/
section   page    origin      length       input sections
--------  ----  ----------  ----------   ----------------
.text      0    00000040    0001719a     
                  00000040    00000c68     stk.aem4f : tcpin.oem4f (.text:TcpInput)
                  00000ca8    00000a4e     rtsv7M4_T_le_v4SPD16_eabi.lib : _printfi.c.obj (.text:__TI_printfi)
                  000016f6    00000002     hal_userled_stub.aem4f : llled.oem4f (.text:LED_TOGGLE)
                  000016f8    000008b8     stk.aem4f : tcpout.oem4f (.text:TcpOutput)
                  00001fb0    00000460     rtsv7M4_T_le_v4SPD16_eabi.lib : strtod.c.obj (.text:strtod)
                  00002410    00000430     sysbios.aem4f : BIOS.obj (.text:ti_sysbios_family_arm_m3_Hwi_excDumpRegs__I)
                  00002840    0000041c     httpget.obj (.text:httpTask)
                  00002c5c    00000408     stk.aem4f : ipout.oem4f (.text:IPTxPacket)
                  00003064    00000384               : ipin.oem4f (.text:IPRxPacket)
                  000033e8    00000372     nettool_ipv4.aem4f : dnscomn.oem4f (.text:DNSResolveByName)
                  0000375a    00000002     stk.aem4f : nat.oem4f (.text:NatMsg)
                  0000375c    0000034c     ti.targets.arm.rtsarm.aem4f : System.oem4f (.text:xdc_runtime_System_doPrint__I)
                  00003aa8    000002fe     nettool_ipv4.aem4f : dnscomn.oem4f (.text:DNSResolveByAddr)
                  00003da6    00000002     os.aem4f : task.oem4f (.text:_TaskInit)
                  00003da8    000002f8     nettool_ipv4.aem4f : inetaddr.oem4f (.text:getaddrinfo)
                  000040a0    000002f8     httpget.obj (.text:serverSocketTask)
                  00004398    000002da     nettool_ipv4.aem4f : dnscomn.oem4f (.text:DNSResolveByNS)
                  00004672    00000002     os.aem4f : task.oem4f (.text:_TaskShutdown)
                  00004674    000002a0     rtsv7M4_T_le_v4SPD16_eabi.lib : mktime.c.obj (.text:__mktime32)
                  00004914    00000284     stk.aem4f : sock.oem4f (.text:SockSet)
                  00004b98    00000270     rtsv7M4_T_le_v4SPD16_eabi.lib : _printfi.c.obj (.text:_pconv_a)
                  00004e08    0000024c     stk.aem4f : ipfrag.oem4f (.text:IPReasm)
                  00005054    0000023c               : icmpin.oem4f (.text:ICMPInput)
                  00005290    00000238               : udp.oem4f (.text:UdpInput)
                  000054c8    00000204     Boot.aem4f : Boot_sysctl.oem4f (.text:ti_catalog_arm_cortexm4_tiva_ce_Boot_sysCtlClockFreqSetI__I)
                  000056cc    000001f4     stk.aem4f : sock.oem4f (.text:SockRecv)
                  000058c0    000001f4     sysbios.aem4f : BIOS.obj (.text:ti_sysbios_family_arm_m3_Hwi_excHandlerMax__I)
                  00005ab4    000001d0     rtsv7M4_T_le_v4SPD16_eabi.lib : _printfi.c.obj (.text:_pconv_g)
                  00005c84    000001b8     drivers_tivaware.aem4f : EMACSnow.oem4f (.text:EMACSnow_NIMUInit)
                  00005e3c    000001b6     rtsv7M4_T_le_v4SPD16_eabi.lib : fd_add_t2.asm.obj (.text)
                  00005ff2    00000002     hal_ser_stub.aem4f : llserstb.oem4f (.text:_llSerialServiceCheck)
                  00005ff4    000001b0     stk.aem4f : lliout.oem4f (.text:LLITxIpPacket)
                  000061a4    000001ac               : lliin.oem4f (.text:LLIRxPacket)
                  00006350    0000019c     httpget.obj (.text:getTime)
                  000064ec    0000019c     os.aem4f : mem.oem4f (.text:mmAlloc)
                  00006688    0000019a     nettool_ipv4.aem4f : dnsclnt.oem4f (.text:DNSResolve)
                  00006822    00000002     hal_ser_stub.aem4f : llserstb.oem4f (.text:_llSerialShutdown)
                  00006824    00000198     stk.aem4f : igmp.oem4f (.text:IGMPInput)
                  000069bc    00000198     nettool_ipv4.aem4f : ipaddr.oem4f (.text:NtGetPublicHost)
                  00006b54    00000190     stk.aem4f : sock.oem4f (.text:SockNew)
                  00006ce4    00000174     netctrl_min_ipv4.aem4f : netctrl.oem4f (.text:NC_NetStart)
                  00006e58    00000174     sysbios.aem4f : BIOS.obj (.text:ti_sysbios_family_arm_m3_Hwi_excBusFault__I)
                  00006fcc    00000170     stk.aem4f : rtc.oem4f (.text:RTCReport)
                  0000713c    0000016c     nettool_ipv4.aem4f : dnscomn.oem4f (.text:DNSResolveExternal)
                  000072a8    0000016a     stk.aem4f : sb.oem4f (.text:SBRead)
                  00007412    00000006     driverlib.lib : emac.obj (.text:EMACRxDMADescriptorListSet)
                  00007418    00000164     sysbios.aem4f : BIOS.obj (.text:ti_sysbios_family_arm_m3_Hwi_excUsageFault__I)
                  0000757c    00000160     stk.aem4f : sock.oem4f (.text:SockConnect)
                  000076dc    00000158     nettool_ipv4.aem4f : dhcpmain.oem4f (.text:DHCPOpen)
                  00007834    00000150     drivers_tivaware.aem4f : GPIOTiva.oem4f (.text:GPIO_setConfig)
                  00007984    00000004     stk.aem4f : bind.oem4f (.text:BindGetIF)
                  00007988    00000148     sysbios.aem4f : BIOS.obj (.text:ti_sysbios_family_arm_m3_Hwi_excMemFault__I)
                  00007ad0    00000148                   : BIOS.obj (.text:ti_sysbios_knl_Event_pend__E)
                  00007c18    00000148                   : BIOS.obj (.text:ti_sysbios_knl_Task_Instance_finalize__E)
                  00007d60    00000144     stk.aem4f : bind.oem4f (.text:BindNew)
                  00007ea4    00000140               : tcp.oem4f (.text:TcpTimeoutCheck)
                  00007fe4    0000013c     nettool_ipv4.aem4f : config.oem4f (.text:CfgAddEntry)
                  00008120    0000013c     stk.aem4f : sockint.oem4f (.text:SockNotify)
                  0000825c    0000013c               : sock.oem4f (.text:SockSend)
                  00008398    0000013c     rtsv7M4_T_le_v4SPD16_eabi.lib : _printfi.c.obj (.text:_pconv_e)
                  000084d4    0000013a     httpget.obj (.text:sendData2Server)
                  0000860e    00000002     hal_userled_stub.aem4f : llled.oem4f (.text:_llUserLedInit)
                  00008610    00000138     httpget.obj (.text:clientSocketTask)
                  00008748    00000136     nettool_ipv4.aem4f : dnspkt.oem4f (.text:DNSGetReply)
                  0000887e    00000136     rtsv7M4_T_le_v4SPD16_eabi.lib : fd_div_t2.asm.obj (.text)
                  000089b4    00000134     stk.aem4f : icmp.oem4f (.text:ICMPGenPacket)
                  00008ae8    00000134     rtsv7M4_T_le_v4SPD16_eabi.lib : localtim.c.obj (.text:__localtime32)
                  00008c1c    00000132     nettool_ipv4.aem4f : dnspkt.oem4f (.text:DNSReadRecord)
                  00008d4e    00000130     driverlib.lib : gpio.obj (.text:GPIOPadConfigSet)
                  00008e7e    00000002     hal_userled_stub.aem4f : llled.oem4f (.text:_llUserLedShutdown)
                  00008e80    0000012c     EK_TM4C1294XL.obj (.text:EK_TM4C1294XL_initEMAC)
                  00008fac    00000128     http_ndk.aem4f : httpcli.oem4f (.text:contentHandler)
                  000090d4    00000004     stk.aem4f : bind.oem4f (.text:BindGetNext)
                  000090d8    00000128     sysbios.aem4f : BIOS.obj (.text:ti_sysbios_knl_Semaphore_pend__E)
                  00009200    00000124     stk.aem4f : sockpcb.oem4f (.text:SockPcbResolve)
                  00009324    00000124               : udp.oem4f (.text:UdpOutput)
                  00009448    00000124     rtsv7M4_T_le_v4SPD16_eabi.lib : _printfi.c.obj (.text:fcvt)
                  0000956c    00000120     httpget_pem4f.oem4f (.text:ti_ndk_config_Global_stackThread)
                  0000968c    00000118     http_ndk.aem4f : httpcli.oem4f (.text:HTTPCli_connect)
                  000097a4    00000118     stk.aem4f : tcpout.oem4f (.text:TcpGenPacket)
                  000098bc    00000118     ti.targets.arm.rtsarm.aem4f : Error.oem4f (.text:xdc_runtime_Error_policyDefault__E)
                  000099d4    00000114     stk.aem4f : nimu.oem4f (.text:NIMUIoctl)
                  00009ae8    00000110               : node.oem4f (.text:NodeTreeFree)
                  00009bf8    00000110               : raw.oem4f (.text:RawInput)
                  00009d08    00000110     rtsv7M4_T_le_v4SPD16_eabi.lib : s_scalbn.c.obj (.text:scalbn)
                  00009e18    00000110                                   : strtoul.c.obj (.text:strtoul)
                  00009f28    0000010c     stk.aem4f : rtable.oem4f (.text:RtFind)
                  0000a034    0000010a               : route.oem4f (.text:RtCreate)
                  0000a13e    00000002     rtsv7M4_T_le_v4SPD16_eabi.lib : _lock.c.obj (.text:_nop)
                  0000a140    00000108     drivers_tivaware.aem4f : EMACSnow.oem4f (.text:EMACSnow_emacStart)
                  0000a248    00000108     sysbios.aem4f : BIOS.obj (.text:ti_sysbios_family_arm_lm4_Timer_start__E)
                  0000a350    00000106     http_ndk.aem4f : httpcli.oem4f (.text:HTTPCli_getResponseField)
                  0000a456    00000002     hal_ser_stub.aem4f : llserstb.oem4f (.text:llSerialService)
                  0000a458    00000104     os.aem4f : task.oem4f (.text:llEnter)
                  0000a55c    00000102     nettool_ipv4.aem4f : dhcppkt.oem4f (.text:dhcpPacketProcess)
                  0000a65e    00000102                        : inetaddr.oem4f (.text:inet_aton)
                  0000a760    00000100     stk.aem4f : igmp.oem4f (.text:IGMPSendReply)
                  0000a860    00000100     ti.targets.arm.rtsarm.aem4f : Core-mem.oem4f (.text:xdc_runtime_Core_createObject__I)
                  0000a960    000000fc     netctrl_min_ipv4.aem4f : netctrl.oem4f (.text:NetScheduler)
                  0000aa5c    000000fc     rtsv7M4_T_le_v4SPD16_eabi.lib : fd_mul_t2.asm.obj (.text)
                  0000ab58    000000f8     stk.aem4f : pipe.oem4f (.text:PipeRecv)
                  0000ac50    000000f8     ti.targets.arm.rtsarm.aem4f : Startup.oem4f (.text:xdc_runtime_Startup_startMods__I)
                  0000ad48    000000f8     httpget_pem4f.oem4f (.text:xdc_runtime_System_printfExtend__I)
                  0000ae40    000000f4     os.aem4f : task.oem4f (.text:TaskGetEnv)
                  0000af34    000000f4     sysbios.aem4f : m3_Hwi_asm.obj (.text:ti_sysbios_family_arm_m3_Hwi_dispatch__I)
                  0000b028    000000f4                   : BIOS.obj (.text:ti_sysbios_knl_Task_Instance_init__E)
                  0000b11c    000000f2     http_ndk.aem4f : httpcli.oem4f (.text:bufferedRecv)
                  0000b20e    00000002     rtsv7M4_T_le_v4SPD16_eabi.lib : div0.asm.obj (.text)
                  0000b210    000000f0     stk.aem4f : lliout.oem4f (.text:LLIGenArpPacket)
                  0000b300    000000f0               : sock.oem4f (.text:SockClose)
                  0000b3f0    000000ee     nettool_ipv4.aem4f : dnspkt.oem4f (.text:DNSWriteRecord)
                  0000b4de    00000002     httpget_pem4f.oem4f (.text:ti_ndk_config_Global_NetworkClose)
                  0000b4e0    000000ec     http_ndk.aem4f : httpcli.oem4f (.text:redirect)
                  0000b5cc    000000e8     os.aem4f : task.oem4f (.text:TaskSetEnv)
                  0000b6b4    000000e6     nettool_ipv4.aem4f : dnspkt.oem4f (.text:DNSWriteName)
                  0000b79a    00000002     httpget_pem4f.oem4f (.text:ti_ndk_config_Global_NetworkOpen)
                  0000b79c    000000e6     http_ndk.aem4f : httpcli.oem4f (.text:HTTPCli_initSockAddr)
                  0000b882    00000002     httpget_pem4f.oem4f (.text:ti_sysbios_BIOS_nullFunc__I)
                  0000b884    000000e4     httpget.obj (.text:createTasks)
                  0000b968    000000e4     sysbios.aem4f : BIOS.obj (.text:ti_sysbios_knl_Task_postInit__I)
                  0000ba4c    000000e0     stk.aem4f : tcptime.oem4f (.text:TcpTimeoutRexmt)
                  0000bb2c    000000dc               : sb.oem4f (.text:SBWrite)
                  0000bc08    000000dc     nettool_ipv4.aem4f : dhcpsock.oem4f (.text:dhcpSocketOpen)
                  0000bce4    000000dc                        : dhcpsm.oem4f (.text:dhcpState)
                  0000bdc0    000000d8     stk.aem4f : node.oem4f (.text:NodeAdd)
                  0000be98    000000d8               : tcpprot.oem4f (.text:TcpPrSetOption)
                  0000bf70    000000d4     drivers_tivaware.aem4f : EMACSnow.oem4f (.text:EMACSnow_handleRx)
                  0000c044    000000d4     stk.aem4f : sockpcb.oem4f (.text:SockPcbBind)
                  0000c118    000000d4     sysbios.aem4f : BIOS.obj (.text:ti_sysbios_heaps_HeapMem_alloc__E)
                  0000c1ec    000000d1     stk.aem4f : nimu.oem4f (.text:NIMUReceivePacket)
                  0000c2bd    00000001     --HOLE-- [fill = 0]
                  0000c2be    00000002     httpget_pem4f.oem4f (.text:xdc_runtime_Startup_reset__I)
                  0000c2c0    000000cc     stk.aem4f : icmp.oem4f (.text:ICMPSendRtAdv)
                  0000c38c    000000cc     nettool_ipv4.aem4f : dhcpbild.oem4f (.text:dhcpBuildHeader)
                  0000c458    000000cc                        : dhcpsm.oem4f (.text:dhcpIPAdd)
                  0000c524    000000cc                        : dhcppkt.oem4f (.text:dhcpVerifyMessage)
                  0000c5f0    000000cc     ti.targets.arm.rtsarm.aem4f : Core-smem.oem4f (.text:xdc_runtime_Core_constructObject__I)
                  0000c6bc    000000c8     stk.aem4f : rawethsock.oem4f (.text:RawEthSockNew)
                  0000c784    000000c8     netctrl_min_ipv4.aem4f : netsrv.oem4f (.text:SPIpNet)
                  0000c84c    000000c4     drivers_tivaware.aem4f : EMACSnow.oem4f (.text:EMACSnow_InitDMADescriptors)
                  0000c910    000000c4     stk.aem4f : igmp.oem4f (.text:IGMPJoinHostGroup)
                  0000c9d4    000000c4     nettool_ipv4.aem4f : dhcpsm.oem4f (.text:StateBound)
                  0000ca98    000000c4     http_ndk.aem4f : httpcli.oem4f (.text:getChunkedData)
                  0000cb5c    000000c2     nettool_ipv4.aem4f : dnspkt.oem4f (.text:DNSReadName)
                  0000cc1e    00000002     --HOLE-- [fill = 0]
                  0000cc20    000000c0     sysbios.aem4f : BIOS.obj (.text:ti_sysbios_knl_Task_sleep__E)
                  0000cce0    000000be     nettool_ipv4.aem4f : dnsclnt.oem4f (.text:DNSGetHostByName)
                  0000cd9e    000000bc     stk.aem4f : sockpcb.oem4f (.text:SockPcbFind)
                  0000ce5a    00000002     --HOLE-- [fill = 0]
                  0000ce5c    000000bc               : vlan.oem4f (.text:VLANDeinit)
                  0000cf18    000000bc     sysbios.aem4f : BIOS.obj (.text:ti_sysbios_family_arm_m3_Hwi_excDebugMon__I)
                  0000cfd4    00000004     http_ndk.aem4f : httpcli.oem4f (.text:HTTPCli_construct)
                  0000cfd8    000000bc     sysbios.aem4f : BIOS.obj (.text:ti_sysbios_family_arm_m3_Hwi_excHardFault__I)
                  0000d094    00000004     os.aem4f : ossys.oem4f (.text:NDK_vsprintf)
                  0000d098    000000bc     sysbios.aem4f : BIOS.obj (.text:ti_sysbios_knl_Task_exit__E)
                  0000d154    000000b8     EK_TM4C1294XL.obj (.text:EK_TM4C1294XL_initGeneral)
                  0000d20c    000000b8     stk.aem4f : icmpin.oem4f (.text:ICMPRevSrcRoute)
                  0000d2c4    000000b8               : lli.oem4f (.text:_LLITimeoutCheck)
                  0000d37c    000000b4               : tcptime.oem4f (.text:TcpTimeoutKeep)
                  0000d430    000000b4     http_ndk.aem4f : httpcli.oem4f (.text:getStatus)
                  0000d4e4    00000004     stk.aem4f : node.oem4f (.text:NodeSetRt)
                  0000d4e8    000000b4     sysbios.aem4f : BIOS.obj (.text:ti_sysbios_knl_Task_checkStacks__E)
                  0000d59c    000000b1     rtsv7M4_T_le_v4SPD16_eabi.lib : _printfi.c.obj (.text:_ltostr)
                  0000d64d    00000003     --HOLE-- [fill = 0]
                  0000d650    000000b1     nettool_ipv4.aem4f : inetaddr.oem4f (.text:createAddrInfo)
                  0000d701    00000001     --HOLE-- [fill = 0]
                  0000d702    000000b0     stk.aem4f : rawethsock.oem4f (.text:RawEthSockSet)
                  0000d7b2    00000002     --HOLE-- [fill = 0]
                  0000d7b4    000000ac               : rtable.oem4f (.text:RtTimeoutCheck)
                  0000d860    000000ac     http_ndk.aem4f : httpcli.oem4f (.text:httpProxyTunnel)
                  0000d90c    00000004     stk.aem4f : rawethsock_prot.oem4f (.text:RawEthSockPrAttach)
                  0000d910    000000ac     sysbios.aem4f : BIOS.obj (.text:ti_sysbios_family_arm_lm4_Timer_enableTiva__I)
                  0000d9bc    000000aa     network_ndk.aem4f : ssock.oem4f (.text:Ssock_send)
                  0000da66    00000002     --HOLE-- [fill = 0]
                  0000da68    000000a8     stk.aem4f : sockint.oem4f (.text:SockCreatePacket)
                  0000db10    000000a4     httpget.obj (.text:taskAverage)
                  0000dbb4    00000004     stk.aem4f : rawethsock_prot.oem4f (.text:RawEthSockPrDetach)
                  0000dbb8    000000a4     sysbios.aem4f : BIOS.obj (.text:ti_sysbios_knl_Task_setPri__E)
                  0000dc5c    000000a2     httpget.obj (.text:main)
                  0000dcfe    00000002     --HOLE-- [fill = 0]
                  0000dd00    000000a0     stk.aem4f : ip.oem4f (.text:IPGetRoute)
                  0000dda0    000000a0     auto_init.aem4f : auto_init.oem4f (.text)
                  0000de40    000000a0     ti.targets.arm.rtsarm.aem4f : Text.oem4f (.text:xdc_runtime_Text_putMod__E)
                  0000dee0    0000009e     stk.aem4f : nimu.oem4f (.text:NIMUAddEthernetHeader)
                  0000df7e    0000009e     nettool_ipv4.aem4f : dhcpbild.oem4f (.text:dhcpBuildRequest)
                  0000e01c    0000009c     stk.aem4f : exec.oem4f (.text:ExecOpen)
                  0000e0b8    0000009c     rtsv7M4_T_le_v4SPD16_eabi.lib : memcpy_t2.asm.obj (.text)
                  0000e154    0000009a     ti.targets.arm.rtsarm.aem4f : Text.oem4f (.text:xdc_runtime_Text_putSite__E)
                  0000e1ee    00000002     --HOLE-- [fill = 0]
                  0000e1f0    00000098     netctrl_min_ipv4.aem4f : netctrl.oem4f (.text:NC_SystemOpen)
                  0000e288    00000098                            : netsrv.oem4f (.text:ServiceScan)
                  0000e320    00000098     Boot.aem4f : Boot.oem4f (.text:ti_catalog_arm_cortexm4_tiva_ce_Boot_sysCtlClockFreqSet__E)
                  0000e3b8    00000098     sysbios.aem4f : BIOS.obj (.text:ti_sysbios_knl_Task_schedule__I)
                  0000e450    00000096     rtsv7M4_T_le_v4SPD16_eabi.lib : ull_div_t2.asm.obj (.text)
                  0000e4e6    00000002     --HOLE-- [fill = 0]
                  0000e4e8    00000094     nettool_ipv4.aem4f : config.oem4f (.text:CfgRemoveEntry)
                  0000e57c    00000004     os.aem4f : semaphore.oem4f (.text:SemPend)
                  0000e580    00000094     sysbios.aem4f : BIOS.obj (.text:ti_sysbios_family_arm_m3_Hwi_Instance_init__E)
                  0000e614    00000004     os.aem4f : semaphore.oem4f (.text:SemPost)
                  0000e618    00000094     sysbios.aem4f : BIOS.obj (.text:ti_sysbios_family_arm_m3_Hwi_initNVIC__E)
                  0000e6ac    00000090     nettool_ipv4.aem4f : config.oem4f (.text:CfgExecute)
                  0000e73c    00000090     stk.aem4f : igmp.oem4f (.text:IGMPMsg)
                  0000e7cc    00000090     os.aem4f : mem.oem4f (.text:mmBulkAlloc)
                  0000e85c    00000090     http_ndk.aem4f : httpcli.oem4f (.text:readLine)
                  0000e8ec    00000004     os.aem4f : semaphore.oem4f (.text:SemReset)
                  0000e8f0    00000090     sysbios.aem4f : BIOS.obj (.text:ti_sysbios_knl_Task_Module_startup__E)
                  0000e980    00000090                   : BIOS.obj (.text:ti_sysbios_knl_Task_startCore__E)
                  0000ea10    0000008c     nettool_ipv4.aem4f : dnscomn.oem4f (.text:DNSResolveQuery)
                  0000ea9c    0000008c     drivers_tivaware.aem4f : GPIOTiva.oem4f (.text:GPIO_init)
                  0000eb28    0000008c     stk.aem4f : ip.oem4f (.text:IPMsg)
                  0000ebb4    0000008c     os.aem4f : mem.oem4f (.text:_mmInit)
                  0000ec40    0000008c              : mem.oem4f (.text:mmInitPage)
                  0000eccc    0000008c     sysbios.aem4f : m3_TaskSupport_asm.obj (.text:ti_sysbios_family_arm_m3_TaskSupport_buildTaskStack)
                  0000ed58    0000008c                   : BIOS.obj (.text:ti_sysbios_knl_Event_post__E)
                  0000ede4    0000008a     netctrl_min_ipv4.aem4f : netsrv.oem4f (.text:SPRoute)
                  0000ee6e    00000002     --HOLE-- [fill = 0]
                  0000ee70    00000088                            : netsrv.oem4f (.text:ServiceSpawn)
                  0000eef8    00000088     stk.aem4f : sockpcb.oem4f (.text:SockPcbCtlError)
                  0000ef80    00000088     sysbios.aem4f : BIOS.obj (.text:ti_sysbios_knl_Mailbox_post__E)
                  0000f008    00000087     httpget_pem4f.oem4f (.text:ti_ndk_config_Global_NetworkIPAddr)
                  0000f08f    00000001     --HOLE-- [fill = 0]
                  0000f090    00000086     nettool_ipv4.aem4f : dhcpsm.oem4f (.text:StateRequesting)
                  0000f116    00000086     rtsv7M4_T_le_v4SPD16_eabi.lib : fd_cmp_t2.asm.obj (.text:__aeabi_cdcmple)
                  0000f19c    00000086                                   : fd_cmp_t2.asm.obj (.text:__aeabi_cdrcmple)
                  0000f222    00000002     --HOLE-- [fill = 0]
                  0000f224    00000084     nettool_ipv4.aem4f : config.oem4f (.text:CfgGetEntry)
                  0000f2a8    00000084     drivers_tivaware.aem4f : EMACSnow.oem4f (.text:EMACSnow_processPhyInterrupt)
                  0000f32c    00000084     stk.aem4f : tcpprot.oem4f (.text:TcpPrAttach)
                  0000f3b0    00000084     os.aem4f : mem.oem4f (.text:mmBulkFree)
                  0000f434    00000084              : mem.oem4f (.text:mmFree)
                  0000f4b8    00000084     sysbios.aem4f : BIOS.obj (.text:ti_sysbios_family_arm_m3_Hwi_postInit__I)
                  0000f53c    00000082     nettool_ipv4.aem4f : dhcpsm.oem4f (.text:StateRenewRebind)
                  0000f5be    00000002     --HOLE-- [fill = 0]
                  0000f5c0    00000080     drivers_tivaware.aem4f : EMACSnow.oem4f (.text:EMACSnow_emacStop)
                  0000f640    00000080                            : EMACSnow.oem4f (.text:EMACSnow_processPendingTx)
                  0000f6c0    00000080     stk.aem4f : lli.oem4f (.text:LLINew)
                  0000f740    00000080     netctrl_min_ipv4.aem4f : netsrv.oem4f (.text:NS_BootTask)
                  0000f7c0    00000080     stk.aem4f : pbm.oem4f (.text:PBM_alloc)
                  0000f840    00000080               : raw.oem4f (.text:RawOutput)
                  0000f8c0    0000007e               : fileuser.oem4f (.text:fdClose)
                  0000f93e    00000002     --HOLE-- [fill = 0]
                  0000f940    0000007c     nettool_ipv4.aem4f : config.oem4f (.text:CfgGetNextEntry)
                  0000f9bc    0000007c     drivers_tivaware.aem4f : EMACSnow.oem4f (.text:EMACSnow_hwiIntFxn)
                  0000fa38    0000007c     stk.aem4f : igmp.oem4f (.text:IGMPDoMCast)
                  0000fab4    0000007c               : igmp.oem4f (.text:IGMPJoin)
                  0000fb30    0000007c               : socket.oem4f (.text:NDK_setsockopt)
                  0000fbac    0000007c               : nimu.oem4f (.text:NIMURegister)
                  0000fc28    0000007c               : pbm.oem4f (.text:PBM_free)
                  0000fca4    0000007c     nettool_ipv4.aem4f : inetaddr.oem4f (.text:inet_pton)
                  0000fd20    0000007c     sysbios.aem4f : BIOS.obj (.text:ti_sysbios_heaps_HeapMem_free__E)
                  0000fd9c    0000007a     driverlib.lib : adc.obj (.text:ADCSequenceStepConfigure)
                  0000fe16    0000007a     stk.aem4f : sock.oem4f (.text:SockAccept)
                  0000fe90    0000007a     rtsv7M4_T_le_v4SPD16_eabi.lib : memset_t2.asm.obj (.text)
                  0000ff0a    00000002     --HOLE-- [fill = 0]
                  0000ff0c    00000078     driverlib.lib : emac.obj (.text:EMACInit)
                  0000ff84    00000078     stk.aem4f : socket.oem4f (.text:NDK_sendto)
                  0000fffc    00000078               : tcptime.oem4f (.text:TcpXmitTimer)
                  00010074    00000078               : fileuser.oem4f (.text:fdOpenSession)
                  000100ec    00000078     os.aem4f : task.oem4f (.text:llExit)
                  00010164    00000076     stk.aem4f : pipe.oem4f (.text:PipeSend)
                  000101da    00000002     --HOLE-- [fill = 0]
                  000101dc    00000075               : tcptime.oem4f (.text:TcpTimeoutSackRexmt)
                  00010251    00000003     --HOLE-- [fill = 0]
                  00010254    00000074               : igmp.oem4f (.text:IGMPLeaveHostGroup)
                  000102c8    00000074               : nimu.oem4f (.text:NIMUShutdown)
                  0001033c    00000074               : raweth.oem4f (.text:RawEthRxPacket)
                  000103b0    00000074               : sockpcb.oem4f (.text:SockPcbConnect)
                  00010424    00000074     nettool_ipv4.aem4f : inetaddr.oem4f (.text:setAddrInfo)
                  00010498    00000074     sysbios.aem4f : BIOS.obj (.text:ti_sysbios_knl_Mailbox_pend__E)
                  0001050c    00000072     os.aem4f : semaphore.oem4f (.text:SemCreateBinary)
                  0001057e    00000002     --HOLE-- [fill = 0]
                  00010580    00000070     http_ndk.aem4f : httpcli.oem4f (.text:HTTPCli_sendRequest)
                  000105f0    00000070     stk.aem4f : socket.oem4f (.text:NDK_accept)
                  00010660    00000070               : socket.oem4f (.text:NDK_send)
                  000106d0    00000070               : rtable.oem4f (.text:RtFlush)
                  00010740    00000070     netctrl_min_ipv4.aem4f : netsrv.oem4f (.text:SPConfig)
                  000107b0    00000070     stk.aem4f : sock.oem4f (.text:SockShutdown)
                  00010820    00000070     nettool_ipv4.aem4f : dhcptags.oem4f (.text:dhcpDecodeType)
                  00010890    00000070     sysbios.aem4f : BIOS.obj (.text:ti_sysbios_knl_Clock_workFunc__E)
                  00010900    0000006e     stk.aem4f : socket.oem4f (.text:NDK_recv)
                  0001096e    00000002     --HOLE-- [fill = 0]
                  00010970    0000006e               : rtable.oem4f (.text:RtWalkNext)
                  000109de    0000006e               : sockpcb.oem4f (.text:SockPcbFindRaw)
                  00010a4c    0000006e     rtsv7M4_T_le_v4SPD16_eabi.lib : _printfi.c.obj (.text:_mcpy)
                  00010aba    0000006e                                   : fd_tos_t2.asm.obj (.text)
                  00010b28    0000006e                                   : ll_div_t2.asm.obj (.text)
                  00010b96    00000002     --HOLE-- [fill = 0]
                  00010b98    0000006d     stk.aem4f : node.oem4f (.text:NodeNew)
                  00010c05    00000003     --HOLE-- [fill = 0]
                  00010c08    0000006d     ti.targets.arm.rtsarm.aem4f : System.oem4f (.text:xdc_runtime_System_formatNum__I)
                  00010c75    00000003     --HOLE-- [fill = 0]
                  00010c78    0000006c     os.aem4f : ossys.oem4f (.text:DbgPrintf)
                  00010ce4    0000006c     stk.aem4f : node.oem4f (.text:NodeTreeNew)
                  00010d50    0000006c               : raweth.oem4f (.text:RawEthTxPacket)
                  00010dbc    0000006c               : udp.oem4f (.text:UdpChecksum)
                  00010e28    0000006c     rtsv7M4_T_le_v4SPD16_eabi.lib : asctime.c.obj (.text:asctime)
                  00010e94    0000006c     http_ndk.aem4f : httpcli.oem4f (.text:checkContentField)
                  00010f00    0000006c     httpget_pem4f.oem4f (.text:ti_ndk_config_ip_init)
                  00010f6c    00000004     network_ndk.aem4f : ssock.oem4f (.text:Ssock_getSocket)
                  00010f70    0000006c     sysbios.aem4f : BIOS.obj (.text:ti_sysbios_knl_Swi_restoreHwi__E)
                  00010fdc    0000006c     ti.targets.arm.rtsarm.aem4f : Error.oem4f (.text:xdc_runtime_Error_print__E)
                  00011048    0000006c                                 : Memory.oem4f (.text:xdc_runtime_Memory_alloc__E)
                  000110b4    0000006a     stk.aem4f : tcpprot.oem4f (.text:TcpPrInherit)
                  0001111e    00000068               : socket.oem4f (.text:NDK_socket)
                  00011186    00000002     --HOLE-- [fill = 0]
                  00011188    00000068               : pbm.oem4f (.text:PBM_open)
                  000111f0    00000068               : sock.oem4f (.text:SockListen)
                  00011258    00000068               : rtable.oem4f (.text:_RtNodeInsert)
                  000112c0    00000068     rtsv7M4_T_le_v4SPD16_eabi.lib : copy_decompress_lzss.c.obj (.text:decompress:lzss:__TI_decompress_lzss)
                  00011328    00000066     ti.targets.arm.rtsarm.aem4f : Core-mem.oem4f (.text:xdc_runtime_Core_deleteObject__I)
                  0001138e    00000002     --HOLE-- [fill = 0]
                  00011390    00000064     nettool_ipv4.aem4f : config.oem4f (.text:CfgFree)
                  000113f4    00000064     drivers_tivaware.aem4f : GPIOTiva.oem4f (.text:GPIO_hwiIntFxn)
                  00011458    00000064     stk.aem4f : pbm.oem4f (.text:PBMQ_enq)
                  000114bc    00000064               : sockint.oem4f (.text:SockSpawnAbort)
                  00011520    00000064     rtsv7M4_T_le_v4SPD16_eabi.lib : s_frexp.c.obj (.text:frexp)
                  00011584    00000064     httpget.obj (.text:initialize_ADC)
                  000115e8    00000064     hal_timer_bios.aem4f : lltimer.oem4f (.text:llTimerTick)
                  0001164c    00000064     httpget_pem4f.oem4f (.text:ti_sysbios_family_arm_m3_Hwi_create)
                  000116b0    00000064     sysbios.aem4f : BIOS.obj (.text:ti_sysbios_family_arm_m3_Hwi_dispatchC__I)
                  00011714    00000004     os.aem4f : task.oem4f (.text:TaskSelf)
                  00011718    00000064     sysbios.aem4f : BIOS.obj (.text:ti_sysbios_knl_Semaphore_post__E)
                  0001177c    00000064     stk.aem4f : lliin.oem4f (.text:updateRtTable)
                  000117e0    00000062               : ipin.oem4f (.text:IPRouteIP)
                  00011842    00000002     --HOLE-- [fill = 0]
                  00011844    00000062               : sb.oem4f (.text:SBNew)
                  000118a6    00000002     --HOLE-- [fill = 0]
                  000118a8    00000060     nettool_ipv4.aem4f : config.oem4f (.text:CfgGetEntryCnt)
                  00011908    00000060     stk.aem4f : file.oem4f (.text:FdWaitEvent)
                  00011968    00000060               : nimu.oem4f (.text:NIMUUnregister)
                  000119c8    00000060               : node.oem4f (.text:NodeFind)
                  00011a28    00000060               : rtc.oem4f (.text:RTCMsg)
                  00011a88    00000060               : tcp.oem4f (.text:TcpChecksum)
                  00011ae8    00000060     nettool_ipv4.aem4f : dhcptags.oem4f (.text:dhcpBuildOptions)
                  00011b48    00000060     httpget_pem4f.oem4f (.text:ti_ndk_config_Global_serviceReport)
                  00011ba8    0000005e     stk.aem4f : route.oem4f (.text:RtRemove)
                  00011c06    0000005e     nettool_ipv4.aem4f : dhcpsm.oem4f (.text:StateSelecting)
                  00011c64    0000005e     stk.aem4f : vlan.oem4f (.text:VLANReceivePacket)
                  00011cc2    00000002     --HOLE-- [fill = 0]
                  00011cc4    0000005c     nettool_ipv4.aem4f : config.oem4f (.text:CfgSetExecuteOrder)
                  00011d20    0000005c     stk.aem4f : nimu.oem4f (.text:NIMUIoctlSpecialCmd)
                  00011d7c    0000005c     netctrl_min_ipv4.aem4f : netsrv.oem4f (.text:SPService)
                  00011dd8    0000005c     httpget_pem4f.oem4f (.text:ti_sysbios_knl_Swi_create)
                  00011e34    00000004     os.aem4f : task.oem4f (.text:TaskSetPri)
                  00011e38    0000005c     sysbios.aem4f : BIOS.obj (.text:ti_sysbios_knl_Swi_run__I)
                  00011e94    00000004     hal_ser_stub.aem4f : llserstb.oem4f (.text:_llSerialInit)
                  00011e98    0000005c     sysbios.aem4f : BIOS.obj (.text:ti_sysbios_knl_Swi_schedule__I)
                  00011ef4    0000005c     httpget_pem4f.oem4f (.text:ti_sysbios_knl_Task_create)
                  00011f50    0000005c     sysbios.aem4f : BIOS.obj (.text:ti_sysbios_knl_Task_unblockI__E)
                  00011fac    0000005b     ti.targets.arm.rtsarm.aem4f : Text.oem4f (.text:xdc_runtime_Text_putLab__E)
                  00012007    00000001     --HOLE-- [fill = 0]
                  00012008    0000005a     stk.aem4f : route.oem4f (.text:RtRedirect)
                  00012062    0000005a               : tcpprot.oem4f (.text:TcpValidateMetrics)
                  000120bc    0000005a     nettool_ipv4.aem4f : dhcpbild.oem4f (.text:dhcpBuildDecline)
                  00012116    0000005a     os.aem4f : mem.oem4f (.text:mmCopy)
                  00012170    0000005a     httpget_pem4f.oem4f (.text:ti_ndk_config_tcp_init)
                  000121ca    00000002     --HOLE-- [fill = 0]
                  000121cc    00000058     stk.aem4f : bind.oem4f (.text:BindFree)
                  00012224    00000058     boot.aem4f : boot.oem4f (.text)
                  0001227c    00000058     driverlib.lib : emac.obj (.text:EMACPHYConfigSet)
                  000122d4    00000058     rtsv7M4_T_le_v4SPD16_eabi.lib : hostwrite.c.obj (.text:HOSTwrite)
                  0001232c    00000058     stk.aem4f : igmp.oem4f (.text:IGMPTimer)
                  00012384    00000058     os.aem4f : semaphore.oem4f (.text:SemCreate)
                  000123dc    00000058     sysbios.aem4f : m3_Hwi_asm_switch.obj (.text:ti_sysbios_family_arm_m3_Hwi_initStacks__E)
                  00012434    00000056     driverlib.lib : gpio.obj (.text:GPIOIntTypeSet)
                  0001248a    00000056     rtsv7M4_T_le_v4SPD16_eabi.lib : _printfi.c.obj (.text:_pconv_f)
                  000124e0    00000056     http_ndk.aem4f : httpcli.oem4f (.text:sprsend)
                  00012536    00000002     --HOLE-- [fill = 0]
                  00012538    00000054     nettool_ipv4.aem4f : config.oem4f (.text:CfgEntryDeRef)
                  0001258c    00000054     http_ndk.aem4f : httpcli.oem4f (.text:HTTPCli_sendField)
                  000125e0    00000054     stk.aem4f : igmp.oem4f (.text:IGMPLeave)
                  00012634    00000054               : rawethsock_pcb.oem4f (.text:RawEthSockPcbAttach)
                  00012688    00000054               : sockpcb.oem4f (.text:SockCleanPcb)
                  000126dc    00000054               : tcptime.oem4f (.text:TcpTimeoutPersist)
                  00012730    00000054     rtsv7M4_T_le_v4SPD16_eabi.lib : _ltoa.c.obj (.text:__TI_ltoa)
                  00012784    00000054     http_ndk.aem4f : httpcli.oem4f (.text:asyncThread)
                  000127d8    00000054     sysbios.aem4f : BIOS.obj (.text:ti_sysbios_family_arm_lm4_Timer_initDevice__I)
                  0001282c    00000004     rtsv7M4_T_le_v4SPD16_eabi.lib : exit.c.obj (.text:abort:abort)
                  00012830    00000054     sysbios.aem4f : BIOS.obj (.text:ti_sysbios_knl_Swi_Instance_init__E)
                  00012884    00000054     ti.targets.arm.rtsarm.aem4f : Assert.oem4f (.text:xdc_runtime_Assert_raise__I)
                  000128d8    00000052     nettool_ipv4.aem4f : dnscomn.oem4f (.text:DNSReplyFree)
                  0001292a    00000052     stk.aem4f : tcpprot.oem4f (.text:TcpPrDetach)
                  0001297c    00000052     rtsv7M4_T_le_v4SPD16_eabi.lib : _printfi.c.obj (.text:_ecpy)
                  000129ce    00000002     --HOLE-- [fill = 0]
                  000129d0    00000050     drivers_tivaware.aem4f : GPIOTiva.oem4f (.text:GPIO_setCallback)
                  00012a20    00000050                            : GPIOTiva.oem4f (.text:GPIO_write)
                  00012a70    00000050     stk.aem4f : socket.oem4f (.text:NDK_bind)
                  00012ac0    00000050               : socket.oem4f (.text:NDK_connect)
                  00012b10    00000050               : route.oem4f (.text:RtNew)
                  00012b60    00000050     driverlib.lib : sysctl.obj (.text:SysCtlPeripheralReset)
                  00012bb0    00000050     Boot.aem4f : Boot_sysctl.oem4f (.text:_SysCtlFrequencyGet)
                  00012c00    00000050     sysbios.aem4f : BIOS.obj (.text:ti_sysbios_family_arm_m3_Hwi_Module_startup__E)
                  00012c50    00000050     ti.targets.arm.rtsarm.aem4f : Startup.oem4f (.text:xdc_runtime_Startup_exec__E)
                  00012ca0    00000050                                 : Text.oem4f (.text:xdc_runtime_Text_visitRope2__I)
                  00012cf0    0000004e     stk.aem4f : node.oem4f (.text:NodeDeRef)
                  00012d3e    0000004e     nettool_ipv4.aem4f : config.oem4f (.text:_CfgEntryScan)
                  00012d8c    0000004c     httpget.obj (.text:ADCSwi)
                  00012dd8    0000004c     nettool_ipv4.aem4f : ipaddr.oem4f (.text:NtAddNetwork)
                  00012e24    0000004c     stk.aem4f : sockint.oem4f (.text:SockValidateRoute)
                  00012e70    0000004c     rtsv7M4_T_le_v4SPD16_eabi.lib : atoi.c.obj (.text:atoi)
                  00012ebc    0000004c                                   : atol.c.obj (.text:atol)
                  00012f08    0000004c                                   : cpy_tbl.c.obj (.text:copy_in)
                  00012f54    0000004c                                   : snprintf.c.obj (.text:snprintf)
                  00012fa0    0000004c     sysbios.aem4f : BIOS.obj (.text:ti_sysbios_heaps_HeapMem_getStats__E)
                  00012fec    00000004     stk.aem4f : listlib.oem4f (.text:list_get_head)
                  00012ff0    0000004c     sysbios.aem4f : BIOS.obj (.text:ti_sysbios_knl_Swi_runLoop__I)
                  0001303c    00000004     stk.aem4f : listlib.oem4f (.text:list_get_next)
                  00013040    0000004c     sysbios.aem4f : BIOS.obj (.text:ti_sysbios_knl_Task_allBlockedFunction__I)
                  0001308c    0000004a     netctrl_min_ipv4.aem4f : netsrv.oem4f (.text:ServiceKill)
                  000130d6    0000004a     stk.aem4f : sock.oem4f (.text:SockDisconnect)
                  00013120    0000004a               : timer.oem4f (.text:TimerNew)
                  0001316a    00000048     nettool_ipv4.aem4f : config.oem4f (.text:CfgNew)
                  000131b2    00000002     --HOLE-- [fill = 0]
                  000131b4    00000048     driverlib.lib : gpio.obj (.text:GPIOPinConfigure)
                  000131fc    00000048     stk.aem4f : lli.oem4f (.text:LLIMsg)
                  00013244    00000048               : node.oem4f (.text:NodeWalk)
                  0001328c    00000048               : rawethsock_pcb.oem4f (.text:RawEthSockPcbDetach)
                  000132d4    00000048               : sockpcb.oem4f (.text:SockPcbResolveChain)
                  0001331c    00000048               : tcpprot.oem4f (.text:TcpDrop)
                  00013364    00000048               : lli.oem4f (.text:_LLIExpListInsert)
                  000133ac    00000048               : rtable.oem4f (.text:_RtExpListInsert)
                  000133f4    00000048               : file.oem4f (.text:fdint_lockfd)
                  0001343c    00000048     rtsv7M4_T_le_v4SPD16_eabi.lib : fd_toi_t2.asm.obj (.text)
                  00013484    00000004     http_ndk.aem4f : httpcli.oem4f (.text:threadExit)
                  00013488    00000048     sysbios.aem4f : BIOS.obj (.text:ti_sysbios_family_arm_lm4_Timer_enableTimers__I)
                  000134d0    00000048                   : BIOS.obj (.text:ti_sysbios_family_arm_m3_Hwi_disableInterrupt__E)
                  00013518    00000048                   : BIOS.obj (.text:ti_sysbios_family_arm_m3_Hwi_enableInterrupt__E)
                  00013560    00000048                   : BIOS.obj (.text:ti_sysbios_family_arm_m3_Hwi_excReserved__I)
                  000135a8    00000048                   : BIOS.obj (.text:ti_sysbios_knl_Mailbox_Module_startup__E)
                  000135f0    00000048                   : BIOS.obj (.text:ti_sysbios_knl_Task_deleteTerminatedTasksFunc__I)
                  00013638    00000046     nettool_ipv4.aem4f : ipaddr.oem4f (.text:NtIfIdx2Ip)
                  0001367e    00000046     stk.aem4f : rawethsock.oem4f (.text:RawEthSockSend)
                  000136c4    00000046               : tcpprot.oem4f (.text:TcpPrCtlError)
                  0001370a    00000046     os.aem4f : mem.oem4f (.text:mmZeroInit)
                  00013750    00000046     ti.targets.arm.rtsarm.aem4f : Core-params.oem4f (.text:xdc_runtime_Core_assignParams__I)
                  00013796    00000002     --HOLE-- [fill = 0]
                  00013798    00000044     drivers_tivaware.aem4f : EMACSnow.oem4f (.text:EMACSnow_processTransmitted)
                  000137dc    00000044     stk.aem4f : icmp.oem4f (.text:ICMPChecksum)
                  00013820    00000044               : ipfrag.oem4f (.text:IPReasmFree)
                  00013864    00000044               : lli.oem4f (.text:LLIGetValidTime)
                  000138a8    00000044               : rtable.oem4f (.text:RouteMsg)
                  000138ec    00000044               : rtable.oem4f (.text:RtWalkEnd)
                  00013930    00000044               : sockpcb.oem4f (.text:SockPcbDetach)
                  00013974    00000044               : timer.oem4f (.text:TimerListInsert)
                  000139b8    00000044     hal_timer_bios.aem4f : lltimer.oem4f (.text:llTimerGetTime)
                  000139fc    00000004     httpget_pem4f.oem4f (.text:ti_sysbios_BIOS_RtsGateProxy_enter__E)
                  00013a00    00000044     sysbios.aem4f : BIOS.obj (.text:ti_sysbios_family_arm_lm4_Timer_isrStub__E)
                  00013a44    00000004     httpget_pem4f.oem4f (.text:ti_sysbios_BIOS_RtsGateProxy_leave__E)
                  00013a48    00000044     sysbios.aem4f : BIOS.obj (.text:ti_sysbios_family_arm_m3_Hwi_getStackInfo__E)
                  00013a8c    00000004                   : BIOS.obj (.text:ti_sysbios_family_arm_lm4_Timer_masterEnable__I)
                  00013a90    00000044                   : BIOS.obj (.text:ti_sysbios_knl_Swi_post__E)
                  00013ad4    00000044     ti.targets.arm.rtsarm.aem4f : Error.oem4f (.text:xdc_runtime_Error_setX__E)
                  00013b18    00000044                                 : SysMin.oem4f (.text:xdc_runtime_SysMin_flush__E)
                  00013b5c    00000044                                 : Text.oem4f (.text:xdc_runtime_Text_xprintf__I)
                  00013ba0    00000042     stk.aem4f : socket.oem4f (.text:NDK_listen)
                  00013be2    00000042               : tcpprot.oem4f (.text:TcpPrSendOOB)
                  00013c24    00000042               : fileuser.oem4f (.text:fdCloseSession)
                  00013c66    00000040     nettool_ipv4.aem4f : dnspkt.oem4f (.text:DNSBuildRequest)
                  00013ca6    00000040     http_ndk.aem4f : httpcli.oem4f (.text:HTTPCli_readResponseBody)
                  00013ce6    00000002     --HOLE-- [fill = 0]
                  00013ce8    00000040     stk.aem4f : lliin.oem4f (.text:LLIValidateRoute)
                  00013d28    00000040               : pbm.oem4f (.text:PBM_copy)
                  00013d68    00000040               : sockpcb.oem4f (.text:SockPcbRtChange)
                  00013da8    00000040               : tcpprot.oem4f (.text:TcpPrSend)
                  00013de8    00000040     rtsv7M4_T_le_v4SPD16_eabi.lib : u_divt2.asm.obj (.text)
                  00013e28    00000040                                   : sprintf.c.obj (.text:sprintf)
                  00013e68    00000040     http_ndk.aem4f : httpcli.oem4f (.text:threadCreate)
                  00013ea8    00000040     sysbios.aem4f : BIOS.obj (.text:ti_sysbios_family_arm_lm4_Timer_Module_startup__E)
                  00013ee8    00000040                   : BIOS.obj (.text:ti_sysbios_family_arm_lm4_Timer_startup__E)
                  00013f28    00000040                   : BIOS.obj (.text:ti_sysbios_heaps_HeapMem_Instance_init__E)
                  00013f68    0000003e     driverlib.lib : adc.obj (.text:ADCSequenceConfigure)
                  00013fa6    0000003e     nettool_ipv4.aem4f : dhcpmain.oem4f (.text:DHCPClose)
                  00013fe4    0000003e     stk.aem4f : nimu.oem4f (.text:NIMUAllocateName)
                  00014022    0000003e     os.aem4f : task.oem4f (.text:TaskCreate)
                  00014060    0000003e     stk.aem4f : tcpprot.oem4f (.text:TcpPrDisconnect)
                  0001409e    0000003e     rtsv7M4_T_le_v4SPD16_eabi.lib : _printfi.c.obj (.text:_fcpy)
                  000140dc    0000003e     stk.aem4f : file.oem4f (.text:fdint_unlockfd)
                  0001411a    0000003c     nettool_ipv4.aem4f : config.oem4f (.text:CfgEntryGetData)
                  00014156    0000003c     driverlib.lib : emac.obj (.text:EMACIntDisable)
                  00014192    0000003c     stk.aem4f : node.oem4f (.text:NodeUpdatePL)
                  000141ce    00000002     --HOLE-- [fill = 0]
                  000141d0    0000003c               : rtable.oem4f (.text:RtWalkBegin)
                  0001420c    0000003c               : tcpprot.oem4f (.text:TcpPrConnect)
                  00014248    0000003c               : tcptime.oem4f (.text:TcpSetPersist)
                  00014284    0000003c               : rtc.oem4f (.text:_RTCSendRtAdv)
                  000142c0    0000003c               : rtable.oem4f (.text:_RtNodeRemove)
                  000142fc    0000003c     hal_timer_bios.aem4f : lltimer.oem4f (.text:_llTimerInit)
                  00014338    0000003c     rtsv7M4_T_le_v4SPD16_eabi.lib : strncasecmp.c.obj (.text:strncasecmp)
                  00014374    00000004     httpget_pem4f.oem4f (.text:ti_sysbios_family_arm_m3_Hwi_delete)
                  00014378    0000003c     sysbios.aem4f : BIOS.obj (.text:ti_sysbios_family_arm_m3_Hwi_excSvCall__I)
                  000143b4    00000004     httpget_pem4f.oem4f (.text:ti_sysbios_family_arm_m3_TaskSupport_Module__startupDone__S)
                  000143b8    0000003c     sysbios.aem4f : BIOS.obj (.text:ti_sysbios_heaps_HeapMem_init__I)
                  000143f4    00000004     httpget_pem4f.oem4f (.text:ti_sysbios_heaps_HeapMem_Module_GateProxy_enter__E)
                  000143f8    0000003c     sysbios.aem4f : BIOS.obj (.text:ti_sysbios_knl_Clock_Instance_init__E)
                  00014434    00000004     httpget_pem4f.oem4f (.text:ti_sysbios_heaps_HeapMem_Module_GateProxy_leave__E)
                  00014438    0000003c     sysbios.aem4f : BIOS.obj (.text:ti_sysbios_knl_Swi_restore__E)
                  00014474    0000003a     driverlib.lib : emac.obj (.text:EMACIntEnable)
                  000144ae    00000002     --HOLE-- [fill = 0]
                  000144b0    00000038                   : emac.obj (.text:EMACConfigGet)
                  000144e8    00000038     stk.aem4f : ipfrag.oem4f (.text:IPReasmTimeout)
                  00014520    00000038               : node.oem4f (.text:NodeGetRt)
                  00014558    00000038     driverlib.lib : sysctl.obj (.text:SysCtlPeripheralReady)
                  00014590    00000038     stk.aem4f : tcpprot.oem4f (.text:TcpClose)
                  000145c8    00000038               : timer.oem4f (.text:TimerHSTick)
                  00014600    00000038     rtsv7M4_T_le_v4SPD16_eabi.lib : trgmsg.c.obj (.text:__TI_writemsg)
                  00014638    00000038     nettool_ipv4.aem4f : dhcpbild.oem4f (.text:dhcpBuildDiscover)
                  00014670    00000038                        : dhcptags.oem4f (.text:dhcpOptionsClear)
                  000146a8    00000038     stk.aem4f : file.oem4f (.text:fdint_waitevent)
                  000146e0    00000038     rtsv7M4_T_le_v4SPD16_eabi.lib : fs_tod_t2.asm.obj (.text)
                  00014718    00000038     sysbios.aem4f : BIOS.obj (.text:ti_sysbios_family_arm_m3_Hwi_excNoIsr__I)
                  00014750    00000038     httpget_pem4f.oem4f (.text:ti_sysbios_knl_Clock_create)
                  00014788    00000038     ti.targets.arm.rtsarm.aem4f : SysMin.oem4f (.text:xdc_runtime_SysMin_putch__E)
                  000147c0    00000038                                 : System.oem4f (.text:xdc_runtime_System_atexit__E)
                  000147f8    00000036     stk.aem4f : ip.oem4f (.text:IPChecksum)
                  0001482e    00000036     network_ndk.aem4f : ssock.oem4f (.text:Ssock_recv)
                  00014864    00000036     rtsv7M4_T_le_v4SPD16_eabi.lib : strncpy.c.obj (.text:strncpy)
                  0001489a    00000002     --HOLE-- [fill = 0]
                  0001489c    00000035     httpget.obj (.text:printError)
                  000148d1    00000003     --HOLE-- [fill = 0]
                  000148d4    00000034     nettool_ipv4.aem4f : config.oem4f (.text:CfgSetService)
                  00014908    00000034     driverlib.lib : emac.obj (.text:EMACConfigSet)
                  0001493c    00000034                   : emac.obj (.text:EMACIntClear)
                  00014970    00000034     drivers_tivaware.aem4f : EMACSnow.oem4f (.text:EMACSnow_emacPoll)
                  000149a4    00000034                            : EMACSnow.oem4f (.text:EMACSnow_isLinkUp)
                  000149d8    00000034                            : EMAC.oem4f (.text:EMAC_init)
                  00014a0c    00000034     stk.aem4f : exec.oem4f (.text:ExecClose)
                  00014a40    00000034               : nimu.oem4f (.text:NIMUFindByName)
                  00014a74    00000034               : nimu.oem4f (.text:NIMUInit)
                  00014aa8    00000034               : rawethsock.oem4f (.text:RawEthSockNotify)
                  00014adc    00000034               : sockprot.oem4f (.text:SockPrCtlError)
                  00014b10    00000034     driverlib.lib : sysctl.obj (.text:SysCtlPeripheralEnable)
                  00014b44    00000034     rtsv7M4_T_le_v4SPD16_eabi.lib : trgmsg.c.obj (.text:__TI_readmsg)
                  00014b78    00000034     os.aem4f : mem.oem4f (.text:mmUnInitPage)
                  00014bac    00000034              : ossys.oem4f (.text:stricmp)
                  00014be0    00000034     rtsv7M4_T_le_v4SPD16_eabi.lib : strstr.c.obj (.text:strstr)
                  00014c14    00000004     httpget_pem4f.oem4f (.text:ti_sysbios_knl_Clock_TimerProxy_getMaxTicks__E)
                  00014c18    00000034     sysbios.aem4f : BIOS.obj (.text:ti_sysbios_family_arm_m3_Hwi_Instance_finalize__E)
                  00014c4c    00000004     httpget_pem4f.oem4f (.text:ti_sysbios_knl_Queue_destruct)
                  00014c50    00000034     sysbios.aem4f : BIOS.obj (.text:ti_sysbios_family_arm_m3_Hwi_excNmi__I)
                  00014c84    00000004     httpget_pem4f.oem4f (.text:ti_sysbios_knl_Semaphore_delete)
                  00014c88    00000034     sysbios.aem4f : BIOS.obj (.text:ti_sysbios_hal_Hwi_checkStack)
                  00014cbc    00000034     httpget_pem4f.oem4f (.text:ti_sysbios_knl_Semaphore_create)
                  00014cf0    00000034     ti.targets.arm.rtsarm.aem4f : Core-label.oem4f (.text:xdc_runtime_Core_assignLabel__I)
                  00014d24    00000033                                 : Text.oem4f (.text:xdc_runtime_Text_printVisFxn__I)
                  00014d57    00000001     --HOLE-- [fill = 0]
                  00014d58    00000032     nettool_ipv4.aem4f : config.oem4f (.text:CfgGetImmediate)
                  00014d8a    00000032     stk.aem4f : route.oem4f (.text:RtDeRef)
                  00014dbc    00000032               : route.oem4f (.text:RtSetFailure)
                  00014dee    00000032               : sb.oem4f (.text:SBFlush)
                  00014e20    00000032               : sb.oem4f (.text:SBSetMax)
                  00014e52    00000032               : sock.oem4f (.text:SockIntAbort)
                  00014e84    00000032     nettool_ipv4.aem4f : config.oem4f (.text:_CfgAcquire)
                  00014eb6    00000032                        : dhcpsm.oem4f (.text:dhcpIPRemove)
                  00014ee8    00000032     sysbios.aem4f : BIOS.obj (.text:ti_sysbios_hal_Hwi_initStack)
                  00014f1a    00000006     driverlib.lib : emac.obj (.text:EMACTxDMADescriptorListSet)
                  00014f20    00000032     sysbios.aem4f : BIOS.obj (.text:ti_sysbios_knl_Event_pendTimeout__I)
                  00014f52    00000006     driverlib.lib : gpio.obj (.text:GPIOIntClear)
                  00014f58    00000032     sysbios.aem4f : BIOS.obj (.text:ti_sysbios_knl_Semaphore_pendTimeout__I)
                  00014f8a    00000030     driverlib.lib : emac.obj (.text:EMACAddrSet)
                  00014fba    00000002     --HOLE-- [fill = 0]
                  00014fbc    00000030     drivers_tivaware.aem4f : EMACSnow.oem4f (.text:EMACSnow_handlePackets)
                  00014fec    00000030     netctrl_min_ipv4.aem4f : netsrv.oem4f (.text:NS_PreBoot)
                  0001501c    00000030     stk.aem4f : sock.oem4f (.text:SockBind)
                  0001504c    00000030               : sock.oem4f (.text:SockGetName)
                  0001507c    00000030     rtsv7M4_T_le_v4SPD16_eabi.lib : snprintf.c.obj (.text:_outs)
                  000150ac    00000030     nettool_ipv4.aem4f : dhcpsock.oem4f (.text:dhcpPacketSend)
                  000150dc    00000030     stk.aem4f : listlib.oem4f (.text:list_remove_node)
                  0001510c    00000030     http_ndk.aem4f : httpcli.oem4f (.text:skipLine)
                  0001513c    00000030     httpget_pem4f.oem4f (.text:ti_sysbios_BIOS_atExitFunc__I)
                  0001516c    00000004     httpget_pem4f.oem4f (.text:ti_sysbios_knl_Semaphore_destruct)
                  00015170    00000030     sysbios.aem4f : BIOS.obj (.text:ti_sysbios_family_arm_lm4_Timer_stop__E)
                  000151a0    00000030                   : BIOS.obj (.text:ti_sysbios_family_arm_m3_TaskSupport_start__E)
                  000151d0    00000030     httpget_pem4f.oem4f (.text:ti_sysbios_gates_GateHwi_Object__create__S)
                  00015200    00000030     httpget_pem4f.oem4f (.text:ti_sysbios_gates_GateMutex_Object__create__S)
                  00015230    00000030     sysbios.aem4f : BIOS.obj (.text:ti_sysbios_gates_GateMutex_enter__E)
                  00015260    00000030     httpget_pem4f.oem4f (.text:ti_sysbios_heaps_HeapMem_Object__create__S)
                  00015290    00000030     sysbios.aem4f : BIOS.obj (.text:ti_sysbios_knl_Mailbox_postInit__I)
                  000152c0    00000030     httpget_pem4f.oem4f (.text:ti_sysbios_knl_Semaphore_construct)
                  000152f0    00000030     sysbios.aem4f : BIOS.obj (.text:ti_sysbios_knl_Task_processVitalTaskFlag__I)
                  00015320    00000030     ti.targets.arm.rtsarm.aem4f : SysMin.oem4f (.text:xdc_runtime_SysMin_abort__E)
                  00015350    00000030                                 : System.oem4f (.text:xdc_runtime_System_processAtExit__E)
                  00015380    0000002e     driverlib.lib : adc.obj (.text:ADCIntStatus)
                  000153ae    0000002e     stk.aem4f : sb.oem4f (.text:SBFree)
                  000153dc    0000002e     httpget_pem4f.oem4f (.text:malloc)
                  0001540a    0000002e     rtsv7M4_T_le_v4SPD16_eabi.lib : i_tofd_t2.asm.obj (.text)
                  00015438    0000002e                                   : strcasecmp.c.obj (.text:strcasecmp)
                  00015466    0000002c     driverlib.lib : emac.obj (.text:EMACIntStatus)
                  00015492    0000002c     stk.aem4f : file.oem4f (.text:FdSignalEvent)
                  000154be    00000002     --HOLE-- [fill = 0]
                  000154c0    0000002c               : igmp.oem4f (.text:IGMPTestGroup)
                  000154ec    0000002c     os.aem4f : task.oem4f (.text:NDK_hookCreate)
                  00015518    0000002c     stk.aem4f : nimu.oem4f (.text:NIMUAllocateIndex)
                  00015544    0000002c               : nimu.oem4f (.text:NIMUPacketServiceCheck)
                  00015570    0000002c               : pipe.oem4f (.text:PipeClose)
                  0001559c    0000002c               : sockpcb.oem4f (.text:SockPcbAttach)
                  000155c8    0000002c               : lli.oem4f (.text:_LLIExpListRemove)
                  000155f4    0000002c               : lli.oem4f (.text:_LLITimeoutFlush)
                  00015620    0000002c               : rtable.oem4f (.text:_RtExpListRemove)
                  0001564c    0000002c     http_ndk.aem4f : httpcli.oem4f (.text:lookUpResponseFields)
                  00015678    0000002c     rtsv7M4_T_le_v4SPD16_eabi.lib : strncmp.c.obj (.text:strncmp)
                  000156a4    0000002c     httpget_pem4f.oem4f (.text:ti_sysbios_knl_Clock_doTick__I)
                  000156d0    0000002c     httpget_pem4f.oem4f (.text:ti_sysbios_knl_Queue_construct)
                  000156fc    00000004     httpget_pem4f.oem4f (.text:ti_sysbios_knl_Swi_delete)
                  00015700    0000002c     sysbios.aem4f : BIOS.obj (.text:ti_sysbios_knl_Task_restore__E)
                  0001572c    0000002c     ti.targets.arm.rtsarm.aem4f : Text.oem4f (.text:xdc_runtime_Text_cordText__E)
                  00015758    0000002a     driverlib.lib : gpio.obj (.text:GPIODirModeSet)
                  00015782    0000002a     stk.aem4f : pbm.oem4f (.text:PBMQ_deq)
                  000157ac    0000002a     netctrl_min_ipv4.aem4f : netsrv.oem4f (.text:ServiceCallback)
                  000157d6    0000002a     nettool_ipv4.aem4f : config.oem4f (.text:_CfgRelease)
                  00015800    0000002a                        : inetaddr.oem4f (.text:mergeLists)
                  0001582a    0000002a     ti.targets.arm.rtsarm.aem4f : System.oem4f (.text:xdc_runtime_System_putchar__I)
                  00015854    00000028     stk.aem4f : bind.oem4f (.text:BindFindByNet)
                  0001587c    00000028               : lli.oem4f (.text:LLIFree)
                  000158a4    00000028     netctrl_min_ipv4.aem4f : netctrl.oem4f (.text:NC_SystemClose)
                  000158cc    00000028     stk.aem4f : nimu.oem4f (.text:NIMUCreatePacket)
                  000158f4    00000028               : nimu.oem4f (.text:NIMUPacketService)
                  0001591c    00000028               : tcpin.oem4f (.text:TcpEnterTimeWait)
                  00015944    00000028               : timer.oem4f (.text:TimerListRemove)
                  0001596c    00000028               : vlan.oem4f (.text:VLANFindSourceInterface)
                  00015994    00000028               : vlan.oem4f (.text:VLANInit)
                  000159bc    00000028     nettool_ipv4.aem4f : dhcpsock.oem4f (.text:dhcpPacketReceive)
                  000159e4    00000028     drivers_tivaware.aem4f : EMACSnow.oem4f (.text:signalLinkChange)
                  00015a0c    00000004     httpget_pem4f.oem4f (.text:ti_sysbios_knl_Task_delete)
                  00015a10    00000028     sysbios.aem4f : BIOS.obj (.text:ti_sysbios_knl_Clock_addI__E)
                  00015a38    00000028                   : BIOS.obj (.text:ti_sysbios_knl_Swi_Module_startup__E)
                  00015a60    00000026     nettool_ipv4.aem4f : config.oem4f (.text:CfgEntryInfo)
                  00015a86    00000026     driverlib.lib : emac.obj (.text:EMACPHYRead)
                  00015aac    00000026                   : emac.obj (.text:EMACPHYWrite)
                  00015ad2    00000026     stk.aem4f : rawethsock.oem4f (.text:RawEthSockClose)
                  00015af8    00000026     sysbios.aem4f : m3_Hwi_asm.obj (.text:ti_sysbios_family_arm_m3_Hwi_pendSV__I)
                  00015b1e    00000026     ti.targets.arm.rtsarm.aem4f : System.oem4f (.text:xdc_runtime_System_avprintf__E)
                  00015b44    00000024     stk.aem4f : bind.oem4f (.text:BindFindByHost)
                  00015b68    00000024               : bind.oem4f (.text:BindGetIFByDBCast)
                  00015b8c    00000024     drivers_tivaware.aem4f : EMACSnow.oem4f (.text:EMACSnow_pkt_service)
                  00015bb0    00000024                            : EMACSnow.oem4f (.text:EMACSnow_primeRx)
                  00015bd4    00000024     stk.aem4f : exec.oem4f (.text:ExecTimer)
                  00015bf8    00000024     http_ndk.aem4f : httpcli.oem4f (.text:HTTPCli_disconnect)
                  00015c1c    00000024     stk.aem4f : nimu.oem4f (.text:NIMUFindByIndex)
                  00015c40    00000024               : rtc.oem4f (.text:RTCAddHook)
                  00015c64    00000024               : rawethsock_pcb.oem4f (.text:RawEthSockPcbFind)
                  00015c88    00000024               : route.oem4f (.text:RtFree)
                  00015cac    00000024               : route.oem4f (.text:RtSetTimeout)
                  00015cd0    00000024               : sockpcb.oem4f (.text:SockPcbCleanup)
                  00015cf4    00000024               : tcpprot.oem4f (.text:TcpPrListen)
                  00015d18    00000024               : tcptime.oem4f (.text:TcpTimeoutWait2)
                  00015d3c    00000024     nettool_ipv4.aem4f : config.oem4f (.text:_CfgEntryProcess)
                  00015d60    00000024     http_ndk.aem4f : httpcli.oem4f (.text:getRequestFieldValue)
                  00015d84    00000024     httpget.obj (.text:getTimeStr)
                  00015da8    00000024     httpget_pem4f.oem4f (.text:ti_sysbios_BIOS_errorRaiseHook__I)
                  00015dcc    00000024     httpget_pem4f.oem4f (.text:ti_sysbios_BIOS_registerRTSLock__I)
                  00015df0    00000024     httpget_pem4f.oem4f (.text:ti_sysbios_BIOS_removeRTSLock__I)
                  00015e14    00000024     httpget_pem4f.oem4f (.text:ti_sysbios_BIOS_startFunc__I)
                  00015e38    00000024     httpget_pem4f.oem4f (.text:ti_sysbios_gates_GateMutex_Object__delete__S)
                  00015e5c    00000004     ti.targets.arm.rtsarm.aem4f : Error.oem4f (.text:xdc_runtime_Error_getMsg__E)
                  00015e60    00000024     sysbios.aem4f : BIOS.obj (.text:ti_sysbios_knl_Clock_Module_startup__E)
                  00015e84    00000004     ti.targets.arm.rtsarm.aem4f : Error.oem4f (.text:xdc_runtime_Error_getSite__E)
                  00015e88    00000024     sysbios.aem4f : BIOS.obj (.text:ti_sysbios_knl_Clock_start__E)
                  00015eac    00000004     httpget_pem4f.oem4f (.text:xdc_runtime_System_Module_GateProxy_enter__E)
                  00015eb0    00000024     sysbios.aem4f : BIOS.obj (.text:ti_sysbios_knl_Semaphore_Instance_init__E)
                  00015ed4    00000024     httpget_pem4f.oem4f (.text:ti_sysbios_knl_Semaphore_Object__delete__S)
                  00015ef8    00000024     sysbios.aem4f : BIOS.obj (.text:ti_sysbios_knl_Task_restoreHwi__E)
                  00015f1c    00000024     ti.targets.arm.rtsarm.aem4f : System.oem4f (.text:xdc_runtime_System_vprintf__E)
                  00015f40    00000022     nettool_ipv4.aem4f : config.oem4f (.text:CfgEntryRef)
                  00015f62    00000022     stk.aem4f : vlan.oem4f (.text:VLANFindNode)
                  00015f84    00000004     httpget_pem4f.oem4f (.text:xdc_runtime_System_Module_GateProxy_leave__E)
                  00015f88    00000022     sysbios.aem4f : BIOS.obj (.text:ti_sysbios_family_arm_lm4_Timer_write__I)
                  00015faa    00000022     httpget_pem4f.oem4f (.text:xdc_runtime_SysMin_output__I)
                  00015fcc    00000020     netctrl_min_ipv4.aem4f : netctrl.oem4f (.text:NC_BootComplete)
                  00015fec    00000020     stk.aem4f : nimu.oem4f (.text:NIMUGetNumOfObject)
                  0001600c    00000020               : rtc.oem4f (.text:RTCRemoveHook)
                  0001602c    00000020               : tcp.oem4f (.text:TcpTimeoutRemove)
                  0001604c    00000020     Boot.aem4f : Boot_sysctl.oem4f (.text:_SysCtlMemTimingGet)
                  0001606c    00000020     httpget_pem4f.oem4f (.text:ti_sysbios_BIOS_rtsLock__I)
                  0001608c    00000004     ti.targets.arm.rtsarm.aem4f : System.oem4f (.text:xdc_runtime_System_aprintf_va__F)
                  00016090    00000020     sysbios.aem4f : BIOS.obj (.text:ti_sysbios_family_arm_lm4_Timer_postInit__I)
                  000160b0    00000020     httpget_pem4f.oem4f (.text:ti_sysbios_family_arm_m3_Hwi_Object__delete__S)
                  000160d0    00000020     sysbios.aem4f : m3_Hwi_asm.obj (.text:ti_sysbios_family_arm_m3_Hwi_excHandlerAsm__I)
                  000160f0    00000020                   : BIOS.obj (.text:ti_sysbios_family_arm_m3_Hwi_excHandler__I)
                  00016110    00000020     httpget_pem4f.oem4f (.text:ti_sysbios_gates_GateHwi_Object__delete__S)
                  00016130    00000020     httpget_pem4f.oem4f (.text:ti_sysbios_heaps_HeapMem_Object__delete__S)
                  00016150    00000020     sysbios.aem4f : BIOS.obj (.text:ti_sysbios_knl_Idle_run__E)
                  00016170    00000020     httpget_pem4f.oem4f (.text:ti_sysbios_knl_Semaphore_Object__destruct__S)
                  00016190    00000020     httpget_pem4f.oem4f (.text:ti_sysbios_knl_Swi_Object__delete__S)
                  000161b0    00000020     httpget_pem4f.oem4f (.text:ti_sysbios_knl_Task_Object__delete__S)
                  000161d0    00000020     httpget.obj (.text:timerHWI)
                  000161f0    00000020     ti.targets.arm.rtsarm.aem4f : Registry.oem4f (.text:xdc_runtime_Registry_findById__E)
                  00016210    00000020                                 : SysMin.oem4f (.text:xdc_runtime_SysMin_Module_startup__E)
                  00016230    0000001e     driverlib.lib : adc.obj (.text:ADCSequenceDataGet)
                  0001624e    0000001e     stk.aem4f : fileuser.oem4f (.text:fdError)
                  0001626c    0000001e               : listlib.oem4f (.text:list_remove)
                  0001628a    0000001e     httpget.obj (.text:recv)
                  000162a8    0000001e     httpget.obj (.text:send)
                  000162c6    0000001e     rtsv7M4_T_le_v4SPD16_eabi.lib : strcat.c.obj (.text:strcat)
                  000162e4    0000001e     sysbios.aem4f : m3_Hwi_asm_switch.obj (.text:ti_sysbios_family_xxx_Hwi_switchAndRunFunc)
                  00016302    00000002     --HOLE-- [fill = 0]
                  00016304    0000001c     stk.aem4f : bind.oem4f (.text:BindFindByIF)
                  00016320    0000001c               : exec.oem4f (.text:ExecBroadcast)
                  0001633c    0000001c     os.aem4f : ossys.oem4f (.text:NDK_sprintf)
                  00016358    0000001c     stk.aem4f : nimu.oem4f (.text:NIMUAddHeader)
                  00016374    0000001c               : sockprot.oem4f (.text:SockPrDetach)
                  00016390    0000001c     network_ndk.aem4f : ssock.oem4f (.text:Ssock_destruct)
                  000163ac    0000001c     os.aem4f : task.oem4f (.text:TaskDestroy)
                  000163c8    0000001c     drivers_tivaware.aem4f : GPIOTiva.oem4f (.text:getGpioIntIndex)
                  000163e4    0000001c     httpget.obj (.text:getTemperature)
                  00016400    0000001c     rtsv7M4_T_le_v4SPD16_eabi.lib : memccpy.c.obj (.text:memccpy)
                  0001641c    0000001c     httpget_pem4f.oem4f (.text:ti_ndk_config_global_taskCreateHook)
                  00016438    0000001c     sysbios.aem4f : BIOS.obj (.text:ti_sysbios_gates_GateMutex_Instance_init__E)
                  00016454    0000001c     httpget_pem4f.oem4f (.text:ti_sysbios_knl_Queue_Object__destruct__S)
                  00016470    0000001c     sysbios.aem4f : BIOS.obj (.text:ti_sysbios_knl_Queue_get__E)
                  0001648c    00000004     ti.targets.arm.rtsarm.aem4f : System.oem4f (.text:xdc_runtime_System_printf_va__F)
                  00016490    0000001c     sysbios.aem4f : BIOS.obj (.text:ti_sysbios_knl_Queue_put__E)
                  000164ac    00000004     --HOLE-- [fill = 0]
                  000164b0    0000001c                   : BIOS.obj (.text:ti_sysbios_knl_Task_enter__I)
                  000164cc    0000001c     ti.targets.arm.rtsarm.aem4f : Error.oem4f (.text:xdc_runtime_Error_raiseX__E)
                  000164e8    0000001c                                 : Memory.oem4f (.text:xdc_runtime_Memory_valloc__E)
                  00016504    0000001c                                 : SysMin.oem4f (.text:xdc_runtime_SysMin_exit__E)
                  00016520    0000001c                                 : System.oem4f (.text:xdc_runtime_System_abort__E)
                  0001653c    0000001a     stk.aem4f : bind.oem4f (.text:BindGetIP)
                  00016556    0000001a               : sockint.oem4f (.text:SockSetOOBMark)
                  00016570    0000001a     rtsv7M4_T_le_v4SPD16_eabi.lib : s_copysign.c.obj (.text:copysign)
                  0001658a    0000001a     stk.aem4f : file.oem4f (.text:fdint_getfdt)
                  000165a4    0000001a     httpget_pem4f.oem4f (.text:free)
                  000165be    0000001a     httpget_pem4f.oem4f (.text:ti_sysbios_family_arm_m3_Hwi_Handle__label__S)
                  000165d8    0000001a     httpget_pem4f.oem4f (.text:ti_sysbios_gates_GateHwi_Handle__label__S)
                  000165f2    0000001a     httpget_pem4f.oem4f (.text:ti_sysbios_gates_GateMutex_Handle__label__S)
                  0001660c    0000001a     httpget_pem4f.oem4f (.text:ti_sysbios_heaps_HeapMem_Handle__label__S)
                  00016626    0000001a     httpget_pem4f.oem4f (.text:ti_sysbios_knl_Swi_Handle__label__S)
                  00016640    0000001a     httpget_pem4f.oem4f (.text:ti_sysbios_knl_Task_Handle__label__S)
                  0001665a    00000006     driverlib.lib : gpio.obj (.text:GPIOPinWrite)
                  00016660    0000001a     sysbios.aem4f : BIOS.obj (.text:ti_sysbios_knl_Task_sleepTimeout__I)
                  0001667a    0000001a     httpget_pem4f.oem4f (.text:xdc_runtime_System_aprintf__E)
                  00016694    0000001a     httpget_pem4f.oem4f (.text:xdc_runtime_System_printf__E)
                  000166ae    00000018     driverlib.lib : adc.obj (.text:ADCProcessorTrigger)
                  000166c6    00000002     --HOLE-- [fill = 0]
                  000166c8    00000018     drivers_tivaware.aem4f : EMACSnow.oem4f (.text:EMACSnow_emacSend)
                  000166e0    00000018     stk.aem4f : ip.oem4f (.text:IPRtChange)
                  000166f8    00000018               : rawethsock_pcb.oem4f (.text:RawEthSockPcbCleanup)
                  00016710    00000018     nettool_ipv4.aem4f : ipaddr.oem4f (.text:RouteHook)
                  00016728    00000018     stk.aem4f : tcpin.oem4f (.text:SEQ_GEQ)
                  00016740    00000018               : tcpout.oem4f (.text:SEQ_GEQ)
                  00016758    00000018               : tcpin.oem4f (.text:SEQ_GT)
                  00016770    00000018               : tcpout.oem4f (.text:SEQ_GT)
                  00016788    00000018               : tcpin.oem4f (.text:SEQ_LEQ)
                  000167a0    00000018               : tcpout.oem4f (.text:SEQ_LEQ)
                  000167b8    00000018               : tcpin.oem4f (.text:SEQ_LT)
                  000167d0    00000018               : tcpout.oem4f (.text:SEQ_LT)
                  000167e8    00000018               : tcp.oem4f (.text:TcpTimeoutAdd)
                  00016800    00000018     rtsv7M4_T_le_v4SPD16_eabi.lib : args_main.c.obj (.text:_args_main)
                  00016818    00000018                                   : snprintf.c.obj (.text:_outc)
                  00016830    00000018                                   : sprintf.c.obj (.text:_outs)
                  00016848    00000018     nettool_ipv4.aem4f : dhcpsock.oem4f (.text:dhcpSocketClose)
                  00016860    00000018                        : inetaddr.oem4f (.text:freeaddrinfo)
                  00016878    00000018     stk.aem4f : listlib.oem4f (.text:list_add)
                  00016890    00000018     rtsv7M4_T_le_v4SPD16_eabi.lib : strcmp.c.obj (.text:strcmp)
                  000168a8    00000018     httpget_pem4f.oem4f (.text:ti_sysbios_BIOS_rtsUnlock__I)
                  000168c0    00000018     httpget_pem4f.oem4f (.text:ti_sysbios_family_arm_lm4_Timer_Module__startupDone__F)
                  000168d8    00000018     httpget_pem4f.oem4f (.text:ti_sysbios_family_arm_m3_Hwi_Module__startupDone__F)
                  000168f0    00000018     sysbios.aem4f : m3_TaskSupport_asm.obj (.text:ti_sysbios_family_arm_m3_TaskSupport_swap__E)
                  00016908    00000018                   : BIOS.obj (.text:ti_sysbios_gates_GateMutex_leave__E)
                  00016920    00000018                   : BIOS.obj (.text:ti_sysbios_knl_Task_unblock__E)
                  00016938    00000018     ti.targets.arm.rtsarm.aem4f : Error.oem4f (.text:xdc_runtime_Error_check__E)
                  00016950    00000018                                 : System.oem4f (.text:xdc_runtime_System_exit__E)
                  00016968    00000018                                 : Text.oem4f (.text:xdc_runtime_Text_ropeText__E)
                  00016980    00000016     driverlib.lib : emac.obj (.text:EMACReset)
                  00016996    00000016                   : emac.obj (.text:EMACRxEnable)
                  000169ac    00000016                   : emac.obj (.text:EMACTxEnable)
                  000169c2    00000016     http_ndk.aem4f : httpcli.oem4f (.text:HTTPCli_destruct)
                  000169d8    00000016                    : httpcli.oem4f (.text:HTTPCli_readRawResponseBody)
                  000169ee    00000016     stk.aem4f : file.oem4f (.text:fdint_freefdt)
                  00016a04    00000016     rtsv7M4_T_le_v4SPD16_eabi.lib : strchr.c.obj (.text:strchr)
                  00016a1a    00000016     httpget_pem4f.oem4f (.text:ti_sysbios_BIOS_exitFunc__I)
                  00016a30    00000016     httpget.obj (.text:ti_sysbios_knl_Task_Params_init)
                  00016a46    00000016     ti.targets.arm.rtsarm.aem4f : System.oem4f (.text:xdc_runtime_System_vsprintf__E)
                  00016a5c    00000014     stk.aem4f : bind.oem4f (.text:BindIPHost2IF)
                  00016a70    00000014     driverlib.lib : flash.obj (.text:FlashUserGet)
                  00016a84    00000014     http_ndk.aem4f : httpcli.oem4f (.text:HTTPCli_getResponseStatus)
                  00016a98    00000014     netctrl_min_ipv4.aem4f : netctrl.oem4f (.text:NC_NetStop)
                  00016aac    00000014     os.aem4f : task.oem4f (.text:NDK_hookExit)
                  00016ac0    00000014     stk.aem4f : nimu.oem4f (.text:NIMUSendPacket)
                  00016ad4    00000014     nettool_ipv4.aem4f : ipaddr.oem4f (.text:NtRemoveNetwork)
                  00016ae8    00000014     stk.aem4f : rawethsock_pcb.oem4f (.text:RawEthSockPcbInit)
                  00016afc    00000014     network_ndk.aem4f : ssock.oem4f (.text:Ssock_construct)
                  00016b10    00000014     stk.aem4f : timer.oem4f (.text:TimerFree)
                  00016b24    00000014     httpget.obj (.text:accept)
                  00016b38    00000014     httpget.obj (.text:bind)
                  00016b4c    00000014     httpget.obj (.text:connect)
                  00016b60    00000014     httpget.obj (.text:socket)
                  00016b74    00000014     rtsv7M4_T_le_v4SPD16_eabi.lib : strcpy.c.obj (.text:strcpy)
                  00016b88    00000014                                   : strlen.c.obj (.text:strlen)
                  00016b9c    00000014     httpget_pem4f.oem4f (.text:ti_ndk_config_global_taskExitHook)
                  00016bb0    00000014     httpget_pem4f.oem4f (.text:ti_sysbios_family_arm_m3_Hwi_Object__get__S)
                  00016bc4    00000004     --HOLE-- [fill = 0]
                  00016bc8    00000014     sysbios.aem4f : BIOS.obj (.text:ti_sysbios_family_arm_m3_Hwi_switchFromBootStack__E)
                  00016bdc    00000014     httpget_pem4f.oem4f (.text:ti_sysbios_heaps_HeapMem_Object__get__S)
                  00016bf0    00000014     httpget_pem4f.oem4f (.text:ti_sysbios_knl_Mailbox_Object__get__S)
                  00016c04    00000014     httpget_pem4f.oem4f (.text:ti_sysbios_knl_Swi_Object__get__S)
                  00016c18    00000014     httpget_pem4f.oem4f (.text:ti_sysbios_knl_Task_Object__first__S)
                  00016c2c    00000014     httpget_pem4f.oem4f (.text:ti_sysbios_knl_Task_Object__next__S)
[...]
00019bb4  xdc_runtime_Error_E_memory__C                                        
00019bb8  xdc_runtime_Error_Module__diagsEnabled__C                            
00019bbc  xdc_runtime_Error_Module__diagsIncluded__C                           
00019bc0  xdc_runtime_Error_Module__diagsMask__C                               
00019bc4  xdc_runtime_Error_Module__loggerFxn8__C                              
00019bc8  xdc_runtime_Error_Module__loggerObj__C                               
00019bcc  xdc_runtime_Error_policyFxn__C                                       
00019bd0  xdc_runtime_Error_raiseHook__C                                       
00019bd4  xdc_runtime_IGateProvider_Interface__BASE__C                         
00019bd8  xdc_runtime_IHeap_Interface__BASE__C                                 
00019bdc  xdc_runtime_IModule_Interface__BASE__C                               
00019be0  xdc_runtime_Log_L_error__C                                           
00019be4  xdc_runtime_Memory_defaultHeapInstance__C                            
00019be8  xdc_runtime_Startup_execImpl__C                                      
00019bec  xdc_runtime_Startup_maxPasses__C                                     
00019bf0  xdc_runtime_Startup_sfxnRts__C                                       
00019bf4  xdc_runtime_Startup_sfxnTab__C                                       
00019bf8  xdc_runtime_SysMin_bufSize__C                                        
00019bfc  xdc_runtime_SysMin_outputFunc__C                                     
00019c00  xdc_runtime_System_Module__gateObj__C                                
00019c04  xdc_runtime_System_abortFxn__C                                       
00019c08  xdc_runtime_System_exitFxn__C                                        
00019c0c  xdc_runtime_System_extendFxn__C                                      
00019c10  xdc_runtime_System_maxAtexitHandlers__C                              
00019c14  xdc_runtime_Text_charTab__C                                          
00019c18  xdc_runtime_Text_nameEmpty__C                                        
00019c1c  xdc_runtime_Text_nameStatic__C                                       
00019c20  xdc_runtime_Text_nameUnknown__C                                      
00019c24  xdc_runtime_Text_nodeTab__C                                          
00019c28  xdc_runtime_Text_visitRopeFxn__C                                     
00019c2c  ti_sysbios_heaps_HeapMem_Module__id__C                               
00019c2e  ti_sysbios_knl_Task_Module__id__C                                    
00019c30  xdc_runtime_Core_Module__id__C                                       
00019c32  xdc_runtime_Error_Module__loggerDefined__C                           
00019c34  xdc_runtime_Error_maxDepth__C                                        
00019c36  xdc_runtime_Memory_Module__id__C                                     
00019c38  xdc_runtime_SysMin_flushAtExit__C                                    
00019c3a  xdc_runtime_Text_charCnt__C                                          
00019c3c  xdc_runtime_Text_isLoaded__C                                         
00019c3e  xdc_runtime_Text_registryModsLastId__C                               
00019c40  xdc_runtime_Text_unnamedModsLastId__C                                
00019c42  xdc_runtime_Error_policy__C                                          
00019c48  __TI_static_base__                                                   
0001a15c  __TI_Handler_Table_Base                                              
0001a168  __TI_Handler_Table_Limit                                             
0001a178  __TI_CINIT_Base                                                      
0001a190  __TI_CINIT_Limit                                                     
20000000  __start___llvm_prf_cnts                                              
20000000  __stop___llvm_prf_cnts                                               
20000000  ti_sysbios_family_arm_m3_Hwi_ramVectors                              
20000380  ti_ndk_config_Global_pit                                             
20000498  ti_ndk_config_Global_pitBuffer                                       
2000cc98  ti_sysbios_heaps_HeapMem_Instance_State_0_buf__A                     
20014c98  ips                                                                  
20014d00  ti_ndk_config_Global_pBufMem                                         
20018900  ti_ndk_config_Global_pHdrMem                                         
20018bf8  ti_sysbios_knl_Task_Instance_State_0_stack__A                        
200193f8  ti_sysbios_knl_Task_Instance_State_1_stack__A                        
200199f8  ti_sysbios_knl_Task_Instance_State_2_stack__A                        
20019bf8  ti_sysbios_family_arm_m3_Hwi_dispatchTable                           
20019f58  __CIOBUF_                                                            
2001a178  tcps                                                                 
2001a2e8  ti_sysbios_knl_Mailbox_Instance_State_0_allocBuf__A                  
2001a538  xdc_runtime_SysMin_Module_State_0_outbuf__A                          
2001a5b8  nimu_mcb                                                             
2001a61c  timeMessage                                                          
2001a680  _ICMPIn                                                              
2001a6cc  _ICMPOut                                                             
2001a758  vlan_mcb                                                             
2001a780  weatherString                                                        
2001a7cc  udps                                                                 
2001a80c  BlockCount                                                           
2001a828  BlockMax                                                             
2001a844  PageCount                                                            
2001a860  PageMax                                                              
2001a894  stkEvent                                                             
2001a8d0  raweths                                                              
2001a8e0  raws                                                                 
2001a8f0  PBMQ_free                                                            
2001a8fc  tpseudo                                                              
2001a908  upseudo                                                              
2001a914  ADCValues                                                            
2001a91c  emacObjects                                                          
2001a924  parmbuf                                                              
2001a94c  _IGMPInDiscard                                                       
2001a950  _IGMPInQuery                                                         
2001a954  _IGMPInQueryGroup                                                    
2001a958  _IGMPInResponse                                                      
2001a95c  _IGMPOutResponse                                                     
2001a960  dataTime                                                             
2001a964  g_ulStatus                                                           
2001a978  raweth_pcb                                                           
2001a97c  ti_sysbios_knl_Task_Instance_State_0_hookEnv__A                      
2001a980  ti_sysbios_knl_Task_Instance_State_1_hookEnv__A                      
2001a984  ti_sysbios_knl_Task_Instance_State_2_hookEnv__A                      
2001a988  HTTPStd_VER                                                          
2001a98c  HTTPStd_GET                                                          
2001a990  HTTPStd_POST                                                         
2001a994  HTTPStd_HEAD                                                         
2001a998  HTTPStd_OPTIONS                                                      
2001a99c  HTTPStd_PUT                                                          
2001a9a0  HTTPStd_DELETE                                                       
2001a9a4  HTTPStd_CONNECT                                                      
2001a9a8  HTTPStd_PATCH                                                        
2001a9ac  HTTPStd_CONTENT_TYPE_APPLET                                          
2001a9b0  HTTPStd_CONTENT_TYPE_AU                                              
2001a9b4  HTTPStd_CONTENT_TYPE_CSS                                             
2001a9b8  HTTPStd_CONTENT_TYPE_DOC                                             
2001a9bc  HTTPStd_CONTENT_TYPE_GIF                                             
2001a9c0  HTTPStd_CONTENT_TYPE_HTML                                            
2001a9c4  HTTPStd_CONTENT_TYPE_JPG                                             
2001a9c8  HTTPStd_CONTENT_TYPE_MPEG                                            
2001a9cc  HTTPStd_CONTENT_TYPE_PDF                                             
2001a9d0  HTTPStd_CONTENT_TYPE_WAV                                             
2001a9d4  HTTPStd_CONTENT_TYPE_ZIP                                             
2001a9d8  HTTPStd_CONTENT_TYPE_PLAIN                                           
2001a9dc  HTTPStd_FIELD_NAME_ACCEPT                                            
2001a9e0  HTTPStd_FIELD_NAME_ACCEPT_CHARSET                                    
2001a9e4  HTTPStd_FIELD_NAME_ACCEPT_ENCODING                                   
2001a9e8  HTTPStd_FIELD_NAME_ACCEPT_LANGUAGE                                   
2001a9ec  HTTPStd_FIELD_NAME_ACCEPT_RANGES                                     
2001a9f0  HTTPStd_FIELD_NAME_AGE                                               
2001a9f4  HTTPStd_FIELD_NAME_ALLOW                                             
2001a9f8  HTTPStd_FIELD_NAME_AUTHORIZATION                                     
2001a9fc  HTTPStd_FIELD_NAME_CACHE_CONTROL                                     
2001aa00  HTTPStd_FIELD_NAME_CONNECTION                                        
2001aa04  HTTPStd_FIELD_NAME_CONTENT_ENCODING                                  
2001aa08  HTTPStd_FIELD_NAME_CONTENT_LANGUAGE                                  
2001aa0c  HTTPStd_FIELD_NAME_CONTENT_LENGTH                                    
2001aa10  HTTPStd_FIELD_NAME_CONTENT_LOCATION                                  
2001aa14  HTTPStd_FIELD_NAME_CONTENT_MD5                                       
2001aa18  HTTPStd_FIELD_NAME_CONTENT_RANGE                                     
2001aa1c  HTTPStd_FIELD_NAME_CONTENT_TYPE                                      
2001aa20  HTTPStd_FIELD_NAME_COOKIE                                            
2001aa24  HTTPStd_FIELD_NAME_DATE                                              
2001aa28  HTTPStd_FIELD_NAME_ETAG                                              
2001aa2c  HTTPStd_FIELD_NAME_EXPECT                                            
2001aa30  HTTPStd_FIELD_NAME_EXPIRES                                           
2001aa34  HTTPStd_FIELD_NAME_FROM                                              
2001aa38  HTTPStd_FIELD_NAME_HOST                                              
2001aa3c  HTTPStd_FIELD_NAME_IF_MATCH                                          
2001aa40  HTTPStd_FIELD_NAME_IF_MODIFIED_SINCE                                 
2001aa44  HTTPStd_FIELD_NAME_IF_NONE_MATCH                                     
2001aa48  HTTPStd_FIELD_NAME_IF_RANGE                                          
2001aa4c  HTTPStd_FIELD_NAME_IF_UNMODIFIED_SINCE                               
2001aa50  HTTPStd_FIELD_NAME_LAST_MODIFIED                                     
2001aa54  HTTPStd_FIELD_NAME_LOCATION                                          
2001aa58  HTTPStd_FIELD_NAME_MAX_FORWARDS                                      
2001aa5c  HTTPStd_FIELD_NAME_ORIGIN                                            
2001aa60  HTTPStd_FIELD_NAME_PRAGMA                                            
2001aa64  HTTPStd_FIELD_NAME_PROXY_AUTHENTICATE                                
2001aa68  HTTPStd_FIELD_NAME_PROXY_AUTHORIZATION                               
2001aa6c  HTTPStd_FIELD_NAME_RANGE                                             
2001aa70  HTTPStd_FIELD_NAME_REFERER                                           
2001aa74  HTTPStd_FIELD_NAME_RETRY_AFTER                                       
2001aa78  HTTPStd_FIELD_NAME_SERVER                                            
2001aa7c  HTTPStd_FIELD_NAME_TE                                                
2001aa80  HTTPStd_FIELD_NAME_TRAILER                                           
2001aa84  HTTPStd_FIELD_NAME_TRANSFER_ENCODING                                 
2001aa88  HTTPStd_FIELD_NAME_UPGRADE                                           
2001aa8c  HTTPStd_FIELD_NAME_USER_AGENT                                        
2001aa90  HTTPStd_FIELD_NAME_VARY                                              
2001aa94  HTTPStd_FIELD_NAME_VIA                                               
2001aa98  HTTPStd_FIELD_NAME_WWW_AUTHENTICATE                                  
2001aa9c  HTTPStd_FIELD_NAME_WARNING                                           
2001aaa0  HTTPStd_FIELD_NAME_X_FORWARDED_FOR                                   
2001aaa4  ti_sysbios_knl_Task_Object__table__V                                 
2001ab88  _ipcfg                                                               
2001ac3c  ti_sysbios_family_arm_lm4_Timer_Object__table__V                     
2001acbc  ti_sysbios_knl_Swi_Module_State_0_readyQ__A                          
2001ad3c  ti_sysbios_knl_Task_Module_State_0_readyQ__A                         
2001adbc  ti_sysbios_knl_Swi_Object__table__V                                  
2001ae1c  ti_sysbios_knl_Mailbox_Object__table__V                              
2001aebc  ti_sysbios_knl_Task_Module__state__V                                 
2001af80  ti_sysbios_family_arm_lm4_Timer_Module_State_0_device__A             
2001afc0  ti_sysbios_gates_GateMutex_Object__table__V                          
2001b02c  ti_sysbios_family_arm_m3_Hwi_Module__state__V                        
2001b060  enablePrefetch                                                       
2001b064  phyCounter                                                           
2001b092  ti_sysbios_family_arm_m3_Hwi_Module_State_0_excActive__A             
2001b0c4  ti_sysbios_family_arm_m3_Hwi_Object__table__V                        
2001b0f4  ti_sysbios_knl_Clock_Module__state__V                                
2001b120  pstrMsgName                                                          
2001b148  _oscfg                                                               
2001b190  PITCount                                                             
2001b194  PITUsed                                                              
2001b198  PITHigh                                                              
2001b1b4  ti_sysbios_BIOS_Module__state__V                                     
2001b1d8  ti_sysbios_family_arm_lm4_Timer_Module_State_0_handles__A            
2001b214  ti_ndk_config_Global_Id2Size                                         
2001b230  ti_sysbios_knl_Swi_Module__state__V                                  
2001b294  ti_sysbios_heaps_HeapMem_Object__table__V                            
2001b2e8  ti_sysbios_knl_Semaphore_Object__table__V                            
2001b2fc  _tz                                                                  
2001b30c  gpioPinConfigs                                                       
2001b334  _IGMPForceVersion1                                                   
2001b33c  ti_sysbios_family_arm_lm4_Timer_Module__state__V                     
2001b348  ti_sysbios_knl_Event_Object__table__V                                
2001b354  xdc_runtime_SysMin_Module__state__V                                  
2001b36c  _lock                                                                
2001b370  _unlock                                                              
2001b374  NIMUDeviceTable                                                      
2001b37c  gpioCallbackFunctions                                                
2001b384  sensorValue                                                          
2001b38c  ti_ndk_config_Global_HostName                                        
2001b390  __xdc__init__addr                                                    
2001b3a4  _ICMPInErrors                                                        
2001b3a8  _ICMPOutErrors                                                       
2001b3ac  _IPExecuting                                                         
2001b3c4  tcp_iss                                                              
2001b3c8  ptTimeFirst                                                          
2001b3d4  ti_sysbios_family_arm_m3_Hwi_Module__root__V                         
2001b3dc  ti_sysbios_gates_GateHwi_Module__root__V                             
2001b3e4  ti_sysbios_gates_GateMutex_Module__root__V                           
2001b3ec  ti_sysbios_hal_Timer_Object__table__V                                
2001b3f4  ti_sysbios_heaps_HeapMem_Module__root__V                             
2001b3fc  ti_sysbios_knl_Clock_Module__root__V                                 
2001b404  ti_sysbios_knl_Queue_Module__root__V                                 
2001b40c  ti_sysbios_knl_Semaphore_Module__root__V                             
2001b414  ti_sysbios_knl_Swi_Module__root__V                                   
2001b41c  ti_sysbios_knl_Task_Module__root__V                                  
2001b424  xdc_runtime_Registry_Module__state__V                                
2001b42c  xdc_runtime_Startup_Module__state__V                                 
2001b434  xdc_runtime_System_Module_State_0_atexitHandlers__A                  
2001b43c  xdc_runtime_System_Module__state__V                                  
2001b444  macAddress                                                           
2001b456  xdc_runtime_Error_Module__state__V                                   
2001b464  errno                                                                
2001b468  main_func_sp                                                         
2001b470  _IPReasmPtr                                                          
2001b480  ti_sysbios_family_arm_m3_Hwi_Module_State_0_excContext__A            
2001b484  ti_sysbios_family_arm_m3_Hwi_Module_State_0_excStack__A              
2001b488  ti_sysbios_gates_GateHwi_Object__table__V                            
2001b48c  ti_sysbios_knl_Task_Module_State_0_idleTask__A                       
2001b490  xdc_runtime_Memory_Module__state__V                                  
2001b498  __stack                                                              
2001bc98  __STACK_END                                                          
e000e000  ti_sysbios_family_arm_m3_Hwi_nvic                                    
ffffffff  __TI_pprof_out_hndl                                                  
ffffffff  __TI_prof_data_size                                                  
ffffffff  __TI_prof_data_start                                                 
ffffffff  __binit__                                                            
ffffffff  __c_args__                                                           
ffffffff  binit                                                                
UNDEFED   SHT$$INIT_ARRAY$$Base                                                
UNDEFED   SHT$$INIT_ARRAY$$Limit                                               

[1194 symbols]
